Archive member included to satisfy reference by file (symbol)

/Users/james/Documents/super-crate-box-ds/nflib/lib/libnflib.a(nf_2d.o)
                              main.o (NF_Set2D)
/Users/james/Documents/super-crate-box-ds/nflib/lib/libnflib.a(nf_basic.o)
                              /Users/james/Documents/super-crate-box-ds/nflib/lib/libnflib.a(nf_2d.o) (NF_Error)
/Users/james/Documents/super-crate-box-ds/nflib/lib/libnflib.a(nf_colision.o)
                              main.o (NF_InitCmapBuffers)
/Users/james/Documents/super-crate-box-ds/nflib/lib/libnflib.a(nf_sprite256.o)
                              main.o (NF_InitSpriteBuffers)
/Users/james/Documents/super-crate-box-ds/nflib/lib/libnflib.a(nf_tiledbg.o)
                              main.o (NF_InitTiledBgBuffers)
/opt/devkitpro/libnds/lib/libfilesystem.a(nitrofs.o)
                              /Users/james/Documents/super-crate-box-ds/nflib/lib/libnflib.a(nf_basic.o) (nitroFSInit)
/opt/devkitpro/libnds/lib/libfat.a(libfat.o)
                              /Users/james/Documents/super-crate-box-ds/nflib/lib/libnflib.a(nf_basic.o) (fatInitDefault)
/opt/devkitpro/libnds/lib/libfat.a(disc.o)
                              /opt/devkitpro/libnds/lib/libfat.a(libfat.o) (_FAT_disc_interfaces)
/opt/devkitpro/libnds/lib/libfat.a(fatfile.o)
                              /opt/devkitpro/libnds/lib/libfat.a(libfat.o) (_FAT_open_r)
/opt/devkitpro/libnds/lib/libfat.a(cache.o)
                              /opt/devkitpro/libnds/lib/libfat.a(fatfile.o) (_FAT_cache_readSectors)
/opt/devkitpro/libnds/lib/libfat.a(fatdir.o)
                              /opt/devkitpro/libnds/lib/libfat.a(libfat.o) (_FAT_stat_r)
/opt/devkitpro/libnds/lib/libfat.a(directory.o)
                              /opt/devkitpro/libnds/lib/libfat.a(fatfile.o) (_FAT_directory_entryGetCluster)
/opt/devkitpro/libnds/lib/libfat.a(partition.o)
                              /opt/devkitpro/libnds/lib/libfat.a(libfat.o) (_FAT_partition_destructor)
/opt/devkitpro/libnds/lib/libfat.a(lock.o)
                              /opt/devkitpro/libnds/lib/libfat.a(partition.o) (_FAT_lock_init)
/opt/devkitpro/libnds/lib/libfat.a(filetime.o)
                              /opt/devkitpro/libnds/lib/libfat.a(fatfile.o) (_FAT_filetime_getTimeFromRTC)
/opt/devkitpro/libnds/lib/libfat.a(file_allocation_table.o)
                              /opt/devkitpro/libnds/lib/libfat.a(fatfile.o) (_FAT_fat_nextCluster)
/opt/devkitpro/libnds/lib/libnds9.a(video.o)
                              /Users/james/Documents/super-crate-box-ds/nflib/lib/libnflib.a(nf_basic.o) (setBrightness)
/opt/devkitpro/libnds/lib/libnds9.a(console.o)
                              main.o (consoleDemoInit)
/opt/devkitpro/libnds/lib/libnds9.a(sprite.o)
                              /Users/james/Documents/super-crate-box-ds/nflib/lib/libnflib.a(nf_sprite256.o) (oamInit)
/opt/devkitpro/libnds/lib/libnds9.a(keys.o)
                              main.o (scanKeys)
/opt/devkitpro/libnds/lib/libnds9.a(dldi.o)
                              /opt/devkitpro/libnds/lib/libfat.a(disc.o) (dldiGetInternal)
/opt/devkitpro/libnds/lib/libnds9.a(initSystem.o)
                              /opt/devkitpro/devkitARM/bin/../lib/gcc/arm-none-eabi/11.2.0/../../../../arm-none-eabi/lib/thumb/ds_arm9_crt0.o (initSystem)
/opt/devkitpro/libnds/lib/libnds9.a(securearea.o)
                              /opt/devkitpro/devkitARM/bin/../lib/gcc/arm-none-eabi/11.2.0/../../../../arm-none-eabi/lib/thumb/ds_arm9_crt0.o (__secure_area__)
/opt/devkitpro/libnds/lib/libnds9.a(interrupts.o)
                              /opt/devkitpro/libnds/lib/libnds9.a(initSystem.o) (irqInit)
/opt/devkitpro/libnds/lib/libnds9.a(libnds_exit.arm.o)
                              /opt/devkitpro/devkitARM/bin/../lib/gcc/arm-none-eabi/11.2.0/../../../../arm-none-eabi/lib/thumb/ds_arm9_crt0.o (__libnds_exit)
/opt/devkitpro/libnds/lib/libnds9.a(card.o)
                              /opt/devkitpro/libnds/lib/libfilesystem.a(nitrofs.o) (cardParamCommand)
/opt/devkitpro/libnds/lib/libnds9.a(fifosystem.o)
                              /opt/devkitpro/libnds/lib/libnds9.a(initSystem.o) (fifoSetValue32Handler)
/opt/devkitpro/libnds/lib/libnds9.a(dcache.o)
                              /Users/james/Documents/super-crate-box-ds/nflib/lib/libnflib.a(nf_basic.o) (DC_FlushRange)
/opt/devkitpro/libnds/lib/libnds9.a(dldi_stub.o)
                              /opt/devkitpro/libnds/lib/libnds9.a(dldi.o) (_io_dldi_stub)
/opt/devkitpro/libnds/lib/libnds9.a(mpu_setup.o)
                              /opt/devkitpro/devkitARM/bin/../lib/gcc/arm-none-eabi/11.2.0/../../../../arm-none-eabi/lib/thumb/ds_arm9_crt0.o (__libnds_mpu_setup)
/opt/devkitpro/libnds/lib/libnds9.a(IntrWait.o)
                              main.o (swiWaitForVBlank)
/opt/devkitpro/libnds/lib/libnds9.a(cpu_clock.o)
                              /opt/devkitpro/libnds/lib/libnds9.a(initSystem.o) (setCpuClock)
/opt/devkitpro/libnds/lib/libnds9.a(interruptDispatcher.o)
[...]
Memory Configuration

Name             Origin             Length             Attributes
ewram            0x0000000002000000 0x0000000000380000
dtcm             0x0000000002ff0000 0x0000000000004000
vectors          0x0000000001000000 0x0000000000000100
itcm             0x0000000001000100 0x0000000000007f00
*default*        0x0000000000000000 0xffffffffffffffff

Linker script and memory map

                0x0000000002380000                __ewram_end = (ORIGIN (ewram) + LENGTH (ewram))
                0x0000000002380000                __eheap_end = (ORIGIN (ewram) + LENGTH (ewram))
                0x0000000002ff4000                __dtcm_top = (ORIGIN (dtcm) + LENGTH (dtcm))
                0x0000000002ff3ff8                __irq_flags = (__dtcm_top - 0x8)
                0x0000000002ff3ffc                __irq_vector = (__dtcm_top - 0x4)
                0x0000000002ff3f00                __sp_svc = (__dtcm_top - 0x100)
                0x0000000002ff3e00                __sp_irq = (__sp_svc - 0x100)
                0x0000000002ff3d00                __sp_usr = (__sp_irq - 0x100)

.secure         0x0000000002000000      0x800
 *(.secure)
 .secure        0x0000000002000000      0x800 /opt/devkitpro/libnds/lib/libnds9.a(securearea.o)
                0x0000000002000000                __secure_area__

.crt0           0x0000000002000800      0x300
                0x0000000002000800                __text_start = .
 *(.crt0)
 .crt0          0x0000000002000800      0x300 /opt/devkitpro/devkitARM/bin/../lib/gcc/arm-none-eabi/11.2.0/../../../../arm-none-eabi/lib/thumb/ds_arm9_crt0.o
                0x0000000002000800                _start
                0x0000000002000b00                . = ALIGN (0x4)

.plt
 *(.plt)

.init           0x0000000002000b00        0xc
 *(SORT_NONE(.init))
 .init          0x0000000002000b00        0x4 /opt/devkitpro/devkitARM/bin/../lib/gcc/arm-none-eabi/11.2.0/thumb/crti.o
                0x0000000002000b00                _init
 .init          0x0000000002000b04        0x8 /opt/devkitpro/devkitARM/bin/../lib/gcc/arm-none-eabi/11.2.0/thumb/crtn.o

.text           0x0000000002000b40    0x20860
 *(EXCLUDE_FILE(*.twl* *.vectors* *.itcm*) .text)
 .text          0x0000000002000b40      0x190 linked_list.o
                0x0000000002000b5c                initialise_node
                0x0000000002000b78                free_node
                0x0000000002000b84                initialise_linked_list
                0x0000000002000bb4                free_linked_list
                0x0000000002000bd4                append_linked_list
                0x0000000002000c08                prepend_linked_list
                0x0000000002000c3c                remove_head_linked_list
                0x0000000002000c5c                remove_tail_linked_list
                0x0000000002000c7c                print_linked_list
                0x0000000002000c94                print_char
                0x0000000002000ca4                print_int
                0x0000000002000cb4                print_double
                0x0000000002000cc8                print_string
 .text          0x0000000002000cd0      0x874 /Users/james/Documents/super-crate-box-ds/nflib/lib/libnflib.a(nf_2d.o)
                0x0000000002000cd0                NF_Set2D
                0x0000000002000d38                NF_ShowBg
                0x0000000002000db4                NF_HideBg
                0x0000000002000e58                NF_ScrollBg
                0x00000000020011a8                NF_MoveSprite
                0x00000000020011c8                NF_SpriteLayer
                0x00000000020011e4                NF_ShowSprite
                0x0000000002001204                NF_HflipSprite
                0x0000000002001220                NF_GetSpriteHflip
                0x000000000200123c                NF_VflipSprite
                0x0000000002001258                NF_GetSpriteVflip
                0x0000000002001274                NF_SpriteFrame
                0x0000000002001344                NF_EnableSpriteRotScale
                0x00000000020013d8                NF_DisableSpriteRotScale
                0x000000000200144c                NF_SpriteRotScale
 .text          0x0000000002001544      0x4a0 /Users/james/Documents/super-crate-box-ds/nflib/lib/libnflib.a(nf_basic.o)
                0x0000000002001544                NF_Error
                0x00000000020017f0                NF_SetRootFolder
                0x0000000002001948                NF_DmaMemCopy
                0x00000000020019d4                NF_GetLanguage
 .text          0x00000000020019e4      0x474 /Users/james/Documents/super-crate-box-ds/nflib/lib/libnflib.a(nf_colision.o)
                0x00000000020019e4                NF_InitCmapBuffers
                0x0000000002001a14                NF_ResetCmapBuffers
                0x0000000002001a5c                NF_LoadColisionMap
                0x0000000002001b44                NF_UnloadColisionMap
                0x0000000002001b88                NF_GetTile
                0x0000000002001bd4                NF_SetTile
                0x0000000002001c18                NF_LoadColisionBg
                0x0000000002001d88                NF_UnloadColisionBg
                0x0000000002001dd4                NF_GetPoint
 .text          0x0000000002001e58     0x13b4 /Users/james/Documents/super-crate-box-ds/nflib/lib/libnflib.a(nf_sprite256.o)
                0x0000000002001e58                NF_InitSpriteBuffers
                0x0000000002001ea4                NF_ResetSpriteBuffers
                0x0000000002001ed8                NF_InitSpriteSys
                0x00000000020020e8                NF_LoadSpriteGfx
                0x00000000020021f8                NF_UnloadSpriteGfx
                0x0000000002002268                NF_LoadSpritePal
                0x0000000002002364                NF_UnloadSpritePal
                0x00000000020023b4                NF_VramSpriteGfx
                0x000000000200270c                NF_VramSpriteGfxDefrag
                0x0000000002002910                NF_FreeSpriteGfx
                0x0000000002002a10                NF_VramSpritePal
                0x0000000002002ae4                NF_CreateSprite
                0x0000000002002e84                NF_DeleteSprite
                0x0000000002002f24                NF_SpriteOamSet
                0x0000000002002ffc                NF_SpriteSetPalColor
                0x0000000002003094                NF_SpriteEditPalColor
                0x0000000002003110                NF_SpriteUpdatePalette
                0x00000000020031a0                NF_SpriteGetPalColor
 .text          0x000000000200320c     0x19fc /Users/james/Documents/super-crate-box-ds/nflib/lib/libnflib.a(nf_tiledbg.o)
                0x000000000200320c                NF_InitTiledBgBuffers
                0x00000000020032a8                NF_ResetTiledBgBuffers
                0x000000000200330c                NF_InitTiledBgSys
                0x000000000200343c                NF_LoadTiledBg
                0x00000000020036bc                NF_LoadTilesForBg
                0x0000000002003938                NF_UnloadTiledBg
                0x00000000020039f0                NF_DeleteTiledBg
                0x0000000002003b98                NF_CreateTiledBg
                0x00000000020041c0                NF_GetTileMapAddress
                0x000000000200427c                NF_GetTileOfMap
                0x00000000020042b4                NF_SetTileOfMap
                0x00000000020042f8                NF_UpdateVramMap
                0x0000000002004418                NF_BgSetPalColor
                0x00000000020044c8                NF_BgEditPalColor
                0x000000000200456c                NF_BgUpdatePalette
                0x000000000200462c                NF_BgGetPalColor
                0x00000000020046c4                NF_GetTilePal
                0x00000000020046f8                NF_SetTilePal
                0x0000000002004740                NF_LoadExBgPal
                0x000000000200482c                NF_UnloadExBgPal
                0x000000000200487c                NF_VramExBgPal
                0x0000000002004930                NF_SetExBgPal
                0x00000000020049f0                NF_SetTileHflip
                0x0000000002004a2c                NF_SetTileVflip
                0x0000000002004a68                NF_RotateTileGfx
 *fill*         0x0000000002004c08       0x38 ff
 .text          0x0000000002004c40     0x4000 /opt/devkitpro/libnds/lib/libnds9.a(dldi_stub.o)
                0x0000000002004c40                _io_dldi_stub
 .text          0x0000000002008c40      0x11c /opt/devkitpro/devkitARM/bin/../lib/gcc/arm-none-eabi/11.2.0/thumb/libgcc.a(_udivsi3.o)
                0x0000000002008c40                __udivsi3
                0x0000000002008c40                __aeabi_uidiv
                0x0000000002008d3c                __aeabi_uidivmod
 .text          0x0000000002008d5c      0x150 /opt/devkitpro/devkitARM/bin/../lib/gcc/arm-none-eabi/11.2.0/thumb/libgcc.a(_divsi3.o)
                0x0000000002008d5c                __aeabi_idiv
                0x0000000002008d5c                __divsi3
                0x0000000002008e8c                __aeabi_idivmod
 .text          0x0000000002008eac        0x4 /opt/devkitpro/devkitARM/bin/../lib/gcc/arm-none-eabi/11.2.0/thumb/libgcc.a(_dvmd_tls.o)
                0x0000000002008eac                __aeabi_ldiv0
                0x0000000002008eac                __aeabi_idiv0
 .text          0x0000000002008eb0       0xd4 /opt/devkitpro/devkitARM/bin/../lib/gcc/arm-none-eabi/11.2.0/thumb/libgcc.a(_aeabi_ldivmod.o)
                0x0000000002008eb0                __aeabi_ldivmod
 .text          0x0000000002008f84       0x28 /opt/devkitpro/devkitARM/bin/../lib/gcc/arm-none-eabi/11.2.0/thumb/libgcc.a(_clzdi2.o)
                0x0000000002008f84                __clzdi2
 .text          0x0000000002008fac       0x48 /opt/devkitpro/devkitARM/bin/../lib/gcc/arm-none-eabi/11.2.0/thumb/libgcc.a(_clzsi2.o)
                0x0000000002008fac                __clzsi2
 .text          0x0000000002008ff4      0x224 /opt/devkitpro/devkitARM/bin/../lib/gcc/arm-none-eabi/11.2.0/../../../../arm-none-eabi/lib/thumb/libg.a(lib_a-strcmp.o)
                0x0000000002008ff4                strcmp
 .text          0x0000000002009218       0x14 /opt/devkitpro/devkitARM/bin/../lib/gcc/arm-none-eabi/11.2.0/thumb/libgcc.a(_thumb1_case_uqi.o)
                0x0000000002009218                __gnu_thumb1_case_uqi
 .text          0x000000000200922c       0x14 /opt/devkitpro/devkitARM/bin/../lib/gcc/arm-none-eabi/11.2.0/thumb/libgcc.a(_thumb1_case_uhi.o)
                0x000000000200922c                __gnu_thumb1_case_uhi
 .text          0x0000000002009240      0x424 /opt/devkitpro/devkitARM/bin/../lib/gcc/arm-none-eabi/11.2.0/thumb/libgcc.a(_arm_addsubdf3.o)
                0x0000000002009240                __aeabi_drsub
                0x0000000002009248                __subdf3
                0x0000000002009248                __aeabi_dsub
                0x000000000200924c                __aeabi_dadd
                0x000000000200924c                __adddf3
                0x000000000200955c                __aeabi_ui2d
                0x000000000200955c                __floatunsidf
                0x0000000002009580                __floatsidf
                0x0000000002009580                __aeabi_i2d
                0x00000000020095a8                __extendsfdf2
                0x00000000020095a8                __aeabi_f2d
                0x00000000020095f0                __aeabi_ul2d
                0x00000000020095f0                __floatundidf
                0x0000000002009604                __aeabi_l2d
                0x0000000002009604                __floatdidf
 .text          0x0000000002009664      0x49c /opt/devkitpro/devkitARM/bin/../lib/gcc/arm-none-eabi/11.2.0/thumb/libgcc.a(_arm_muldivdf3.o)
                0x0000000002009664                __aeabi_dmul
                0x0000000002009664                __muldf3
                0x00000000020098f4                __aeabi_ddiv
                0x00000000020098f4                __divdf3
 .text          0x0000000002009b00      0x144 /opt/devkitpro/devkitARM/bin/../lib/gcc/arm-none-eabi/11.2.0/thumb/libgcc.a(_arm_cmpdf2.o)
                0x0000000002009b00                __gedf2
                0x0000000002009b00                __gtdf2
                0x0000000002009b08                __ledf2
                0x0000000002009b08                __ltdf2
                0x0000000002009b10                __cmpdf2
                0x0000000002009b10                __eqdf2
                0x0000000002009b10                __nedf2
                0x0000000002009b98                __aeabi_cdrcmple
                0x0000000002009bb4                __aeabi_cdcmple
                0x0000000002009bb4                __aeabi_cdcmpeq
                0x0000000002009bcc                __aeabi_dcmpeq
                0x0000000002009be4                __aeabi_dcmplt
                0x0000000002009bfc                __aeabi_dcmple
                0x0000000002009c14                __aeabi_dcmpge
                0x0000000002009c2c                __aeabi_dcmpgt
 .text          0x0000000002009c44       0x38 /opt/devkitpro/devkitARM/bin/../lib/gcc/arm-none-eabi/11.2.0/thumb/libgcc.a(_arm_unorddf2.o)
                0x0000000002009c44                __aeabi_dcmpun
                0x0000000002009c44                __unorddf2
 .text          0x0000000002009c7c       0x5c /opt/devkitpro/devkitARM/bin/../lib/gcc/arm-none-eabi/11.2.0/thumb/libgcc.a(_arm_fixdfsi.o)
                0x0000000002009c7c                __fixdfsi
                0x0000000002009c7c                __aeabi_d2iz
 .text          0x0000000002009cd8       0x3c /opt/devkitpro/devkitARM/bin/../lib/gcc/arm-none-eabi/11.2.0/thumb/libgcc.a(_aeabi_uldivmod.o)
                0x0000000002009cd8                __aeabi_uldivmod
 *(EXCLUDE_FILE(*.twl* *.vectors* *.itcm*) .stub)
 *(EXCLUDE_FILE(*.twl* *.vectors* *.itcm*) .text.*)
 .text.__do_global_dtors_aux
                0x0000000002009d14       0x2c /opt/devkitpro/devkitARM/bin/../lib/gcc/arm-none-eabi/11.2.0/thumb/crtbegin.o
 .text.frame_dummy
                0x0000000002009d40       0x24 /opt/devkitpro/devkitARM/bin/../lib/gcc/arm-none-eabi/11.2.0/thumb/crtbegin.o
 .text.startup  0x0000000002009d64      0x498 main.o
                0x0000000002009d64                main
 .text.nitroFSDirClose
                0x000000000200a1fc        0x4 /opt/devkitpro/libnds/lib/libfilesystem.a(nitrofs.o)
 .text.nitroFSSeek
                0x000000000200a200       0x78 /opt/devkitpro/libnds/lib/libfilesystem.a(nitrofs.o)
 .text.nitroFSFstat
                0x000000000200a278       0x10 /opt/devkitpro/libnds/lib/libfilesystem.a(nitrofs.o)
 .text.nitroSubReadBlock
                0x000000000200a288       0x54 /opt/devkitpro/libnds/lib/libfilesystem.a(nitrofs.o)
 .text.nitroSubReadCard
                0x000000000200a2dc       0xb0 /opt/devkitpro/libnds/lib/libfilesystem.a(nitrofs.o)
 .text.nitroFSClose
                0x000000000200a38c        0x4 /opt/devkitpro/libnds/lib/libfilesystem.a(nitrofs.o)
 .text.nitroDirReset
                0x000000000200a390       0x9c /opt/devkitpro/libnds/lib/libfilesystem.a(nitrofs.o)
 .text.nitroFSRead
                0x000000000200a42c       0xbc /opt/devkitpro/libnds/lib/libfilesystem.a(nitrofs.o)
 .text.nitroFSDirNext
                0x000000000200a4e8      0x30c /opt/devkitpro/libnds/lib/libfilesystem.a(nitrofs.o)
 .text.nitroFSDirOpen
                0x000000000200a7f4       0xe0 /opt/devkitpro/libnds/lib/libfilesystem.a(nitrofs.o)
 .text.nitroFSChdir
                0x000000000200a8d4       0x30 /opt/devkitpro/libnds/lib/libfilesystem.a(nitrofs.o)
 .text.nitroFSOpen
                0x000000000200a904       0xc4 /opt/devkitpro/libnds/lib/libfilesystem.a(nitrofs.o)
 .text.nitroFSstat
                0x000000000200a9c8       0x68 /opt/devkitpro/libnds/lib/libfilesystem.a(nitrofs.o)
 .text.nitroFSInit
                0x000000000200aa30      0x12c /opt/devkitpro/libnds/lib/libfilesystem.a(nitrofs.o)
                0x000000000200aa30                nitroFSInit
 .text.fatMount.part.0
                0x000000000200ab5c       0xa0 /opt/devkitpro/libnds/lib/libfat.a(libfat.o)
 .text.fatMount
                0x000000000200abfc       0x3c /opt/devkitpro/libnds/lib/libfat.a(libfat.o)
                0x000000000200abfc                fatMount
 .text.fatInit  0x000000000200ac38      0x130 /opt/devkitpro/libnds/lib/libfat.a(libfat.o)
                0x000000000200ac38                fatInit
 .text.fatInitDefault
                0x000000000200ad68        0xc /opt/devkitpro/libnds/lib/libfat.a(libfat.o)
                0x000000000200ad68                fatInitDefault
 .text._FAT_check_position_for_next_cluster.part.0
                0x000000000200ad74       0x68 /opt/devkitpro/libnds/lib/libfat.a(fatfile.o)
 .text._FAT_syncToDisc.part.0
                0x000000000200addc       0xd4 /opt/devkitpro/libnds/lib/libfat.a(fatfile.o)
 .text._FAT_file_extend_r
                0x000000000200aeb0      0x208 /opt/devkitpro/libnds/lib/libfat.a(fatfile.o)
 .text._FAT_open_r
                0x000000000200b0b8      0x2d4 /opt/devkitpro/libnds/lib/libfat.a(fatfile.o)
                0x000000000200b0b8                _FAT_open_r
 .text._FAT_close_r
                0x000000000200b38c       0x74 /opt/devkitpro/libnds/lib/libfat.a(fatfile.o)
                0x000000000200b38c                _FAT_close_r
 .text._FAT_read_r
                0x000000000200b400      0x398 /opt/devkitpro/libnds/lib/libfat.a(fatfile.o)
                0x000000000200b400                _FAT_read_r
 .text._FAT_write_r
                0x000000000200b798      0x53c /opt/devkitpro/libnds/lib/libfat.a(fatfile.o)
                0x000000000200b798                _FAT_write_r
 .text._FAT_seek_r
                0x000000000200bcd4      0x194 /opt/devkitpro/libnds/lib/libfat.a(fatfile.o)
                0x000000000200bcd4                _FAT_seek_r
 .text._FAT_fstat_r
                0x000000000200be68       0x8c /opt/devkitpro/libnds/lib/libfat.a(fatfile.o)
                0x000000000200be68                _FAT_fstat_r
 .text._FAT_ftruncate_r
                0x000000000200bef4      0x16c /opt/devkitpro/libnds/lib/libfat.a(fatfile.o)
                0x000000000200bef4                _FAT_ftruncate_r
 .text._FAT_fsync_r
                0x000000000200c060       0x44 /opt/devkitpro/libnds/lib/libfat.a(fatfile.o)
                0x000000000200c060                _FAT_fsync_r
 .text._FAT_cache_getPage
                0x000000000200c0a4       0xf0 /opt/devkitpro/libnds/lib/libfat.a(cache.o)
 .text._FAT_cache_constructor
                0x000000000200c194       0x90 /opt/devkitpro/libnds/lib/libfat.a(cache.o)
                0x000000000200c194                _FAT_cache_constructor
 .text._FAT_cache_readSectors
                0x000000000200c224       0x60 /opt/devkitpro/libnds/lib/libfat.a(cache.o)
                0x000000000200c224                _FAT_cache_readSectors
 .text._FAT_cache_readPartialSector
                0x000000000200c284       0x3c /opt/devkitpro/libnds/lib/libfat.a(cache.o)
                0x000000000200c284                _FAT_cache_readPartialSector
 .text._FAT_cache_readLittleEndianValue
                0x000000000200c2c0       0x70 /opt/devkitpro/libnds/lib/libfat.a(cache.o)
                0x000000000200c2c0                _FAT_cache_readLittleEndianValue
 .text._FAT_cache_writePartialSector
                0x000000000200c330       0x4c /opt/devkitpro/libnds/lib/libfat.a(cache.o)
                0x000000000200c330                _FAT_cache_writePartialSector
 .text._FAT_cache_writeLittleEndianValue
                0x000000000200c37c       0x8c /opt/devkitpro/libnds/lib/libfat.a(cache.o)
                0x000000000200c37c                _FAT_cache_writeLittleEndianValue
 .text._FAT_cache_eraseWritePartialSector
                0x000000000200c408       0x60 /opt/devkitpro/libnds/lib/libfat.a(cache.o)
                0x000000000200c408                _FAT_cache_eraseWritePartialSector
 .text._FAT_cache_writeSectors
                0x000000000200c468       0x80 /opt/devkitpro/libnds/lib/libfat.a(cache.o)
                0x000000000200c468                _FAT_cache_writeSectors
 .text._FAT_cache_flush
                0x000000000200c4e8       0x40 /opt/devkitpro/libnds/lib/libfat.a(cache.o)
                0x000000000200c4e8                _FAT_cache_flush
 .text._FAT_stat_r
                0x000000000200c528       0x90 /opt/devkitpro/libnds/lib/libfat.a(fatdir.o)
                0x000000000200c528                _FAT_stat_r
 .text._FAT_link_r
                0x000000000200c5b8        0xc /opt/devkitpro/libnds/lib/libfat.a(fatdir.o)
                0x000000000200c5b8                _FAT_link_r
 .text._FAT_unlink_r
                0x000000000200c5c4      0x184 /opt/devkitpro/libnds/lib/libfat.a(fatdir.o)
                0x000000000200c5c4                _FAT_unlink_r
 .text._FAT_chdir_r
                0x000000000200c748       0x70 /opt/devkitpro/libnds/lib/libfat.a(fatdir.o)
                0x000000000200c748                _FAT_chdir_r
 .text._FAT_rename_r
                0x000000000200c7b8      0x1c4 /opt/devkitpro/libnds/lib/libfat.a(fatdir.o)
                0x000000000200c7b8                _FAT_rename_r
 .text._FAT_mkdir_r
                0x000000000200c97c      0x244 /opt/devkitpro/libnds/lib/libfat.a(fatdir.o)
                0x000000000200c97c                _FAT_mkdir_r
 .text._FAT_statvfs_r
                0x000000000200cbc0       0x78 /opt/devkitpro/libnds/lib/libfat.a(fatdir.o)
                0x000000000200cbc0                _FAT_statvfs_r
 .text._FAT_diropen_r
                0x000000000200cc38       0xb0 /opt/devkitpro/libnds/lib/libfat.a(fatdir.o)
                0x000000000200cc38                _FAT_diropen_r
 .text._FAT_dirreset_r
                0x000000000200cce8       0x4c /opt/devkitpro/libnds/lib/libfat.a(fatdir.o)
                0x000000000200cce8                _FAT_dirreset_r
 .text._FAT_dirnext_r
                0x000000000200cd34       0x7c /opt/devkitpro/libnds/lib/libfat.a(fatdir.o)
                0x000000000200cd34                _FAT_dirnext_r
 .text._FAT_dirclose_r
                0x000000000200cdb0       0x20 /opt/devkitpro/libnds/lib/libfat.a(fatdir.o)
                0x000000000200cdb0                _FAT_dirclose_r
 .text._FAT_directory_entryGetAlias
                0x000000000200cdd0       0xc8 /opt/devkitpro/libnds/lib/libfat.a(directory.o)
 .text._FAT_directory_incrementDirEntryPosition
                0x000000000200ce98       0x80 /opt/devkitpro/libnds/lib/libfat.a(directory.o)
 .text._FAT_directory_mbsncasecmp
                0x000000000200cf18       0xa8 /opt/devkitpro/libnds/lib/libfat.a(directory.o)
 .text._FAT_directory_ucs2tombs.constprop.0
                0x000000000200cfc0       0x90 /opt/devkitpro/libnds/lib/libfat.a(directory.o)
 .text._FAT_directory_entryGetCluster
                0x000000000200d050       0x20 /opt/devkitpro/libnds/lib/libfat.a(directory.o)
                0x000000000200d050                _FAT_directory_entryGetCluster
 .text._FAT_directory_getNextEntry
                0x000000000200d070      0x23c /opt/devkitpro/libnds/lib/libfat.a(directory.o)
                0x000000000200d070                _FAT_directory_getNextEntry
 .text._FAT_directory_entryExists
                0x000000000200d2ac       0x80 /opt/devkitpro/libnds/lib/libfat.a(directory.o)
 .text._FAT_directory_getFirstEntry
                0x000000000200d32c       0x20 /opt/devkitpro/libnds/lib/libfat.a(directory.o)
                0x000000000200d32c                _FAT_directory_getFirstEntry
 .text._FAT_directory_getRootEntry
                0x000000000200d34c       0x60 /opt/devkitpro/libnds/lib/libfat.a(directory.o)
                0x000000000200d34c                _FAT_directory_getRootEntry
 .text._FAT_directory_entryFromPosition
                0x000000000200d3ac      0x150 /opt/devkitpro/libnds/lib/libfat.a(directory.o)
                0x000000000200d3ac                _FAT_directory_entryFromPosition
 .text._FAT_directory_entryFromPath
                0x000000000200d4fc      0x248 /opt/devkitpro/libnds/lib/libfat.a(directory.o)
                0x000000000200d4fc                _FAT_directory_entryFromPath
 .text._FAT_directory_removeEntry
                0x000000000200d744       0xd8 /opt/devkitpro/libnds/lib/libfat.a(directory.o)
                0x000000000200d744                _FAT_directory_removeEntry
 .text._FAT_directory_addEntry
                0x000000000200d81c      0x808 /opt/devkitpro/libnds/lib/libfat.a(directory.o)
                0x000000000200d81c                _FAT_directory_addEntry
 .text._FAT_directory_chdir
                0x000000000200e024       0x3c /opt/devkitpro/libnds/lib/libfat.a(directory.o)
                0x000000000200e024                _FAT_directory_chdir
 .text._FAT_directory_entryStat
                0x000000000200e060       0xe4 /opt/devkitpro/libnds/lib/libfat.a(directory.o)
                0x000000000200e060                _FAT_directory_entryStat
 .text.isValidMBR
                0x000000000200e144       0x5c /opt/devkitpro/libnds/lib/libfat.a(partition.o)
 .text._FAT_updateFS_INFO
                0x000000000200e1a0       0x54 /opt/devkitpro/libnds/lib/libfat.a(partition.o)
 .text.FindFirstValidPartition_buf.part.0
                0x000000000200e1f4      0x11c /opt/devkitpro/libnds/lib/libfat.a(partition.o)
 .text._FAT_partition_getPartitionFromPath
                0x000000000200e310       0x10 /opt/devkitpro/libnds/lib/libfat.a(partition.o)
                0x000000000200e310                _FAT_partition_getPartitionFromPath
 .text._FAT_partition_createFSinfo
                0x000000000200e320       0x50 /opt/devkitpro/libnds/lib/libfat.a(partition.o)
                0x000000000200e320                _FAT_partition_createFSinfo
 .text._FAT_partition_readFSinfo.part.0
                0x000000000200e370       0x74 /opt/devkitpro/libnds/lib/libfat.a(partition.o)
 .text._FAT_partition_constructor_buf
                0x000000000200e3e4      0x2e8 /opt/devkitpro/libnds/lib/libfat.a(partition.o)
                0x000000000200e3e4                _FAT_partition_constructor_buf
 .text._FAT_partition_constructor
                0x000000000200e6cc       0x40 /opt/devkitpro/libnds/lib/libfat.a(partition.o)
                0x000000000200e6cc                _FAT_partition_constructor
 .text._FAT_partition_readFSinfo
                0x000000000200e70c       0x10 /opt/devkitpro/libnds/lib/libfat.a(partition.o)
                0x000000000200e70c                _FAT_partition_readFSinfo
 .text._FAT_lock_init
                0x000000000200e71c        0x4 /opt/devkitpro/libnds/lib/libfat.a(lock.o)
                0x000000000200e71c                _FAT_lock_init
 .text._FAT_lock
                0x000000000200e720        0x4 /opt/devkitpro/libnds/lib/libfat.a(lock.o)
                0x000000000200e720                _FAT_lock
 .text._FAT_unlock
                0x000000000200e724        0x4 /opt/devkitpro/libnds/lib/libfat.a(lock.o)
                0x000000000200e724                _FAT_unlock
 .text._FAT_filetime_getTimeFromRTC
                0x000000000200e728       0x44 /opt/devkitpro/libnds/lib/libfat.a(filetime.o)
                0x000000000200e728                _FAT_filetime_getTimeFromRTC
 .text._FAT_filetime_getDateFromRTC
                0x000000000200e76c       0x44 /opt/devkitpro/libnds/lib/libfat.a(filetime.o)
                0x000000000200e76c                _FAT_filetime_getDateFromRTC
 .text._FAT_filetime_to_time_t
                0x000000000200e7b0       0x38 /opt/devkitpro/libnds/lib/libfat.a(filetime.o)
                0x000000000200e7b0                _FAT_filetime_to_time_t
 .text._FAT_fat_writeFatEntry.part.0.isra.0
                0x000000000200e7e8      0x12c /opt/devkitpro/libnds/lib/libfat.a(file_allocation_table.o)
 .text._FAT_fat_nextCluster
                0x000000000200e914      0x108 /opt/devkitpro/libnds/lib/libfat.a(file_allocation_table.o)
                0x000000000200e914                _FAT_fat_nextCluster
 .text._FAT_fat_linkFreeCluster
                0x000000000200ea1c       0xac /opt/devkitpro/libnds/lib/libfat.a(file_allocation_table.o)
                0x000000000200ea1c                _FAT_fat_linkFreeCluster
 .text._FAT_fat_linkFreeClusterCleared
                0x000000000200eac8       0x68 /opt/devkitpro/libnds/lib/libfat.a(file_allocation_table.o)
                0x000000000200eac8                _FAT_fat_linkFreeClusterCleared
 .text._FAT_fat_clearLinks
                0x000000000200eb30       0x7c /opt/devkitpro/libnds/lib/libfat.a(file_allocation_table.o)
                0x000000000200eb30                _FAT_fat_clearLinks
 .text._FAT_fat_trimChain
                0x000000000200ebac       0x80 /opt/devkitpro/libnds/lib/libfat.a(file_allocation_table.o)
                0x000000000200ebac                _FAT_fat_trimChain
 .text._FAT_fat_lastCluster
                0x000000000200ec2c       0x34 /opt/devkitpro/libnds/lib/libfat.a(file_allocation_table.o)
                0x000000000200ec2c                _FAT_fat_lastCluster
 .text._FAT_fat_freeClusterCount
                0x000000000200ec60       0x2c /opt/devkitpro/libnds/lib/libfat.a(file_allocation_table.o)
                0x000000000200ec60                _FAT_fat_freeClusterCount
 .text.setBrightness
                0x000000000200ec8c       0x40 /opt/devkitpro/libnds/lib/libnds9.a(video.o)
                0x000000000200ec8c                setBrightness
 .text.vramDefault
                0x000000000200eccc       0xd0 /opt/devkitpro/libnds/lib/libnds9.a(video.o)
                0x000000000200eccc                vramDefault
 .text.newRow   0x000000000200ed9c       0xa8 /opt/devkitpro/libnds/lib/libnds9.a(console.o)
 .text.consolePrintChar
                0x000000000200ee44       0xe0 /opt/devkitpro/libnds/lib/libnds9.a(console.o)
                0x000000000200ee44                consolePrintChar
 .text.con_write
                0x000000000200ef24      0x36c /opt/devkitpro/libnds/lib/libnds9.a(console.o)
                0x000000000200ef24                con_write
 .text.consoleLoadFont
                0x000000000200f290      0x2a0 /opt/devkitpro/libnds/lib/libnds9.a(console.o)
                0x000000000200f290                consoleLoadFont
 .text.consoleInit
                0x000000000200f530      0x18c /opt/devkitpro/libnds/lib/libnds9.a(console.o)
                0x000000000200f530                consoleInit
 .text.consoleDemoInit
                0x000000000200f6bc       0x40 /opt/devkitpro/libnds/lib/libnds9.a(console.o)
                0x000000000200f6bc                consoleDemoInit
 .text.consoleClear
                0x000000000200f6fc       0x10 /opt/devkitpro/libnds/lib/libnds9.a(console.o)
                0x000000000200f6fc                consoleClear
 .text.oamInit  0x000000000200f70c      0x114 /opt/devkitpro/libnds/lib/libnds9.a(sprite.o)
                0x000000000200f70c                oamInit
 .text.oamGfxPtrToOffset
                0x000000000200f820       0x34 /opt/devkitpro/libnds/lib/libnds9.a(sprite.o)
                0x000000000200f820                oamGfxPtrToOffset
 .text.oamSet   0x000000000200f854      0x104 /opt/devkitpro/libnds/lib/libnds9.a(sprite.o)
                0x000000000200f854                oamSet
 .text.oamUpdate
                0x000000000200f958       0x60 /opt/devkitpro/libnds/lib/libnds9.a(sprite.o)
                0x000000000200f958                oamUpdate
 .text.oamRotateScale
                0x000000000200f9b8       0x4c /opt/devkitpro/libnds/lib/libnds9.a(sprite.o)
                0x000000000200f9b8                oamRotateScale
 .text.scanKeys
                0x000000000200fa04       0x8c /opt/devkitpro/libnds/lib/libnds9.a(keys.o)
                0x000000000200fa04                scanKeys
 .text.keysHeld
                0x000000000200fa90        0xc /opt/devkitpro/libnds/lib/libnds9.a(keys.o)
                0x000000000200fa90                keysHeld
 .text.keysDown
                0x000000000200fa9c       0x14 /opt/devkitpro/libnds/lib/libnds9.a(keys.o)
                0x000000000200fa9c                keysDown
 .text.dldiGetInternal
                0x000000000200fab0       0x34 /opt/devkitpro/libnds/lib/libnds9.a(dldi.o)
                0x000000000200fab0                dldiGetInternal
 .text.get_io_dsisd
                0x000000000200fae4       0x24 /opt/devkitpro/libnds/lib/libnds9.a(dldi.o)
                0x000000000200fae4                get_io_dsisd
 .text.__syscall_gettod_r
                0x000000000200fb08       0x28 /opt/devkitpro/libnds/lib/libnds9.a(initSystem.o)
                0x000000000200fb08                __syscall_gettod_r
 .text.__syscall_exit
                0x000000000200fb30        0x8 /opt/devkitpro/libnds/lib/libnds9.a(initSystem.o)
                0x000000000200fb30                __syscall_exit
 .text.initSystem
                0x000000000200fb38      0x180 /opt/devkitpro/libnds/lib/libnds9.a(initSystem.o)
                0x000000000200fb38                initSystem
 .text.irqDummy
                0x000000000200fcb8        0x4 /opt/devkitpro/libnds/lib/libnds9.a(interrupts.o)
                0x000000000200fcb8                irqDummy
 .text.irqSet   0x000000000200fcbc       0x6c /opt/devkitpro/libnds/lib/libnds9.a(interrupts.o)
                0x000000000200fcbc                irqSet
 .text.irqInit  0x000000000200fd28       0x50 /opt/devkitpro/libnds/lib/libnds9.a(interrupts.o)
                0x000000000200fd28                irqInit
 .text.irqEnable
                0x000000000200fd78       0x64 /opt/devkitpro/libnds/lib/libnds9.a(interrupts.o)
                0x000000000200fd78                irqEnable
 .text.systemErrorExit
                0x000000000200fddc        0x4 /opt/devkitpro/libnds/lib/libnds9.a(libnds_exit.arm.o)
                0x000000000200fddc                systemErrorExit
 .text.__libnds_exit
                0x000000000200fde0       0x5c /opt/devkitpro/libnds/lib/libnds9.a(libnds_exit.arm.o)
                0x000000000200fde0                __libnds_exit
 .text.cardPolledTransfer
                0x000000000200fe3c       0x54 /opt/devkitpro/libnds/lib/libnds9.a(card.o)
                0x000000000200fe3c                cardPolledTransfer
 .text.cardParamCommand
                0x000000000200fe90       0x34 /opt/devkitpro/libnds/lib/libnds9.a(card.o)
                0x000000000200fe90                cardParamCommand
 .text.fifo_queueBlock
                0x000000000200fec4       0x44 /opt/devkitpro/libnds/lib/libnds9.a(fifosystem.o)
 .text.fifo_waitBlock
                0x000000000200ff08       0x80 /opt/devkitpro/libnds/lib/libnds9.a(fifosystem.o)
 .text.fifoInternalSend.part.0
                0x000000000200ff88       0xd4 /opt/devkitpro/libnds/lib/libnds9.a(fifosystem.o)
 .text.fifoInternalSendInterrupt
                0x000000000201005c       0xb0 /opt/devkitpro/libnds/lib/libnds9.a(fifosystem.o)
 .text.fifoSetValue32Handler
                0x000000000201010c       0xd4 /opt/devkitpro/libnds/lib/libnds9.a(fifosystem.o)
                0x000000000201010c                fifoSetValue32Handler
 .text.fifoSendValue32
                0x00000000020101e0       0x4c /opt/devkitpro/libnds/lib/libnds9.a(fifosystem.o)
                0x00000000020101e0                fifoSendValue32
 .text.fifoSendDatamsg
                0x000000000201022c       0x90 /opt/devkitpro/libnds/lib/libnds9.a(fifosystem.o)
                0x000000000201022c                fifoSendDatamsg
 .text.fifoGetValue32
                0x00000000020102bc       0x70 /opt/devkitpro/libnds/lib/libnds9.a(fifosystem.o)
                0x00000000020102bc                fifoGetValue32
 .text.fifoGetDatamsg
                0x000000000201032c       0xf4 /opt/devkitpro/libnds/lib/libnds9.a(fifosystem.o)
                0x000000000201032c                fifoGetDatamsg
 .text.fifoInternalRecvInterrupt
                0x0000000002010420      0x37c /opt/devkitpro/libnds/lib/libnds9.a(fifosystem.o)
 .text.fifoSetDatamsgHandler
                0x000000000201079c       0x9c /opt/devkitpro/libnds/lib/libnds9.a(fifosystem.o)
                0x000000000201079c                fifoSetDatamsgHandler
 .text.fifoCheckValue32
                0x0000000002010838       0x24 /opt/devkitpro/libnds/lib/libnds9.a(fifosystem.o)
                0x0000000002010838                fifoCheckValue32
 .text.fifoInit
                0x000000000201085c      0x108 /opt/devkitpro/libnds/lib/libnds9.a(fifosystem.o)
                0x000000000201085c                fifoInit
 .text.DC_FlushRange
                0x0000000002010964       0x24 /opt/devkitpro/libnds/lib/libnds9.a(dcache.o)
                0x0000000002010964                DC_FlushRange
 .text.DC_InvalidateRange
                0x0000000002010988       0x2c /opt/devkitpro/libnds/lib/libnds9.a(dcache.o)
                0x0000000002010988                DC_InvalidateRange
 .text.__libnds_mpu_setup
                0x00000000020109b4      0x174 /opt/devkitpro/libnds/lib/libnds9.a(mpu_setup.o)
                0x00000000020109b4                __libnds_mpu_setup
 .text.memUncached
                0x0000000002010b28       0x20 /opt/devkitpro/libnds/lib/libnds9.a(mpu_setup.o)
                0x0000000002010b28                memUncached
 .text.swiWaitForVBlank
                0x0000000002010b48        0x8 /opt/devkitpro/libnds/lib/libnds9.a(IntrWait.o)
                0x0000000002010b48                swiWaitForVBlank
 .text.swiIntrWait
                0x0000000002010b50       0x70 /opt/devkitpro/libnds/lib/libnds9.a(IntrWait.o)
                0x0000000002010b50                swiIntrWait
 .text.setCpuClock
                0x0000000002010bc0       0x50 /opt/devkitpro/libnds/lib/libnds9.a(cpu_clock.o)
                0x0000000002010bc0                setCpuClock
 .text.swiDelay
                0x0000000002010c10        0x4 /opt/devkitpro/libnds/lib/libnds9.a(biosCalls.o)
                0x0000000002010c10                swiDelay
 .text.swiSoftReset
                0x0000000002010c14       0x2c /opt/devkitpro/libnds/lib/libnds9.a(swiSoftReset.o)
                0x0000000002010c14                swiSoftReset
 .text.checkIfText
                0x0000000002010c40       0x5c /opt/devkitpro/libnds/lib/libnds9.a(background.o)
                0x0000000002010c40                checkIfText
 .text.bgUpdate
                0x0000000002010c9c       0xf4 /opt/devkitpro/libnds/lib/libnds9.a(background.o)
                0x0000000002010c9c                bgUpdate
 .text.bgInit_call
                0x0000000002010d90       0xc4 /opt/devkitpro/libnds/lib/libnds9.a(background.o)
                0x0000000002010d90                bgInit_call
 .text.bgInitSub_call
                0x0000000002010e54       0xcc /opt/devkitpro/libnds/lib/libnds9.a(background.o)
                0x0000000002010e54                bgInitSub_call
 .text.sinLutLookup
                0x0000000002010f20       0x4c /opt/devkitpro/libnds/lib/libnds9.a(trig.o)
                0x0000000002010f20                sinLutLookup
 .text.sinLerp  0x0000000002010f6c       0x40 /opt/devkitpro/libnds/lib/libnds9.a(trig.o)
                0x0000000002010f6c                sinLerp
 .text.cosLerp  0x0000000002010fac       0x4c /opt/devkitpro/libnds/lib/libnds9.a(trig.o)
                0x0000000002010fac                cosLerp
 .text.oamAllocReset
                0x0000000002010ff8       0x1c /opt/devkitpro/libnds/lib/libnds9.a(sprite_alloc.o)
                0x0000000002010ff8                oamAllocReset
 .text.systemValueHandler
                0x0000000002011014       0x48 /opt/devkitpro/libnds/lib/libnds9.a(system.o)
                0x0000000002011014                systemValueHandler
 .text.systemMsgHandler
                0x000000000201105c       0x60 /opt/devkitpro/libnds/lib/libnds9.a(system.o)
                0x000000000201105c                systemMsgHandler
 .text.powerOn  0x00000000020110bc       0x2c /opt/devkitpro/libnds/lib/libnds9.a(system.o)
                0x00000000020110bc                powerOn
 .text.__muldi3
                0x00000000020110e8       0x54 /opt/devkitpro/devkitARM/bin/../lib/gcc/arm-none-eabi/11.2.0/thumb/libgcc.a(_muldi3.o)
                0x00000000020110e8                __aeabi_lmul
                0x00000000020110e8                __muldi3
 .text.__udivmoddi4
                0x000000000201113c      0x19c /opt/devkitpro/devkitARM/bin/../lib/gcc/arm-none-eabi/11.2.0/thumb/libgcc.a(_udivmoddi4.o)
                0x000000000201113c                __udivmoddi4
 .text.calloc   0x00000000020112d8       0x18 /opt/devkitpro/devkitARM/bin/../lib/gcc/arm-none-eabi/11.2.0/../../../../arm-none-eabi/lib/thumb/libg.a(lib_a-calloc.o)
                0x00000000020112d8                calloc
 .text._calloc_r
                0x00000000020112f0       0xb0 /opt/devkitpro/devkitARM/bin/../lib/gcc/arm-none-eabi/11.2.0/../../../../arm-none-eabi/lib/thumb/libg.a(lib_a-callocr.o)
                0x00000000020112f0                _calloc_r
 .text.__errno  0x00000000020113a0        0xc /opt/devkitpro/devkitARM/bin/../lib/gcc/arm-none-eabi/11.2.0/../../../../arm-none-eabi/lib/thumb/libg.a(lib_a-errno.o)
                0x00000000020113a0                __errno
 .text.exit     0x00000000020113ac       0x28 /opt/devkitpro/devkitARM/bin/../lib/gcc/arm-none-eabi/11.2.0/../../../../arm-none-eabi/lib/thumb/libg.a(lib_a-exit.o)
                0x00000000020113ac                exit
 .text._fclose_r
                0x00000000020113d4       0xe8 /opt/devkitpro/devkitARM/bin/../lib/gcc/arm-none-eabi/11.2.0/../../../../arm-none-eabi/lib/thumb/libg.a(lib_a-fclose.o)
                0x00000000020113d4                _fclose_r
 .text.fclose   0x00000000020114bc       0x14 /opt/devkitpro/devkitARM/bin/../lib/gcc/arm-none-eabi/11.2.0/../../../../arm-none-eabi/lib/thumb/libg.a(lib_a-fclose.o)
                0x00000000020114bc                fclose
 .text.__sflush_r
                0x00000000020114d0      0x1c0 /opt/devkitpro/devkitARM/bin/../lib/gcc/arm-none-eabi/11.2.0/../../../../arm-none-eabi/lib/thumb/libg.a(lib_a-fflush.o)
                0x00000000020114d0                __sflush_r
 .text._fflush_r
                0x0000000002011690       0x70 /opt/devkitpro/devkitARM/bin/../lib/gcc/arm-none-eabi/11.2.0/../../../../arm-none-eabi/lib/thumb/libg.a(lib_a-fflush.o)
                0x0000000002011690                _fflush_r
 .text.fflush   0x0000000002011700       0x2c /opt/devkitpro/devkitARM/bin/../lib/gcc/arm-none-eabi/11.2.0/../../../../arm-none-eabi/lib/thumb/libg.a(lib_a-fflush.o)
                0x0000000002011700                fflush
 .text._cleanup_r
                0x000000000201172c       0x14 /opt/devkitpro/devkitARM/bin/../lib/gcc/arm-none-eabi/11.2.0/../../../../arm-none-eabi/lib/thumb/libg.a(lib_a-findfp.o)
                0x000000000201172c                _cleanup_r
 .text.__sinit  0x0000000002011740      0x124 /opt/devkitpro/devkitARM/bin/../lib/gcc/arm-none-eabi/11.2.0/../../../../arm-none-eabi/lib/thumb/libg.a(lib_a-findfp.o)
                0x0000000002011740                __sinit
 .text.__sfp    0x0000000002011864       0xdc /opt/devkitpro/devkitARM/bin/../lib/gcc/arm-none-eabi/11.2.0/../../../../arm-none-eabi/lib/thumb/libg.a(lib_a-findfp.o)
                0x0000000002011864                __sfp
 .text.__sfp_lock_acquire
                0x0000000002011940       0x14 /opt/devkitpro/devkitARM/bin/../lib/gcc/arm-none-eabi/11.2.0/../../../../arm-none-eabi/lib/thumb/libg.a(lib_a-findfp.o)
                0x0000000002011940                __sfp_lock_acquire
 .text.__sfp_lock_release
                0x0000000002011954       0x14 /opt/devkitpro/devkitARM/bin/../lib/gcc/arm-none-eabi/11.2.0/../../../../arm-none-eabi/lib/thumb/libg.a(lib_a-findfp.o)
                0x0000000002011954                __sfp_lock_release
 .text._fopen_r
                0x0000000002011968       0xb8 /opt/devkitpro/devkitARM/bin/../lib/gcc/arm-none-eabi/11.2.0/../../../../arm-none-eabi/lib/thumb/libg.a(lib_a-fopen.o)
                0x0000000002011968                _fopen_r
 .text.fopen    0x0000000002011a20       0x18 /opt/devkitpro/devkitARM/bin/../lib/gcc/arm-none-eabi/11.2.0/../../../../arm-none-eabi/lib/thumb/libg.a(lib_a-fopen.o)
                0x0000000002011a20                fopen
 .text._fread_r
                0x0000000002011a38      0x1f4 /opt/devkitpro/devkitARM/bin/../lib/gcc/arm-none-eabi/11.2.0/../../../../arm-none-eabi/lib/thumb/libg.a(lib_a-fread.o)
                0x0000000002011a38                _fread_r
 .text.fread    0x0000000002011c2c       0x24 /opt/devkitpro/devkitARM/bin/../lib/gcc/arm-none-eabi/11.2.0/../../../../arm-none-eabi/lib/thumb/libg.a(lib_a-fread.o)
                0x0000000002011c2c                fread
 .text._malloc_trim_r
                0x0000000002011c50       0xa0 /opt/devkitpro/devkitARM/bin/../lib/gcc/arm-none-eabi/11.2.0/../../../../arm-none-eabi/lib/thumb/libg.a(lib_a-freer.o)
                0x0000000002011c50                _malloc_trim_r
 .text._free_r  0x0000000002011cf0      0x1d8 /opt/devkitpro/devkitARM/bin/../lib/gcc/arm-none-eabi/11.2.0/../../../../arm-none-eabi/lib/thumb/libg.a(lib_a-freer.o)
                0x0000000002011cf0                _free_r
 .text._fseek_r
                0x0000000002011ec8       0x18 /opt/devkitpro/devkitARM/bin/../lib/gcc/arm-none-eabi/11.2.0/../../../../arm-none-eabi/lib/thumb/libg.a(lib_a-fseek.o)
                0x0000000002011ec8                _fseek_r
 .text.fseek    0x0000000002011ee0       0x24 /opt/devkitpro/devkitARM/bin/../lib/gcc/arm-none-eabi/11.2.0/../../../../arm-none-eabi/lib/thumb/libg.a(lib_a-fseek.o)
                0x0000000002011ee0                fseek
 .text._fseeko_r
                0x0000000002011f04      0x41c /opt/devkitpro/devkitARM/bin/../lib/gcc/arm-none-eabi/11.2.0/../../../../arm-none-eabi/lib/thumb/libg.a(lib_a-fseeko.o)
                0x0000000002011f04                _fseeko_r
 .text.ftell    0x0000000002012320       0x24 /opt/devkitpro/devkitARM/bin/../lib/gcc/arm-none-eabi/11.2.0/../../../../arm-none-eabi/lib/thumb/libg.a(lib_a-ftell.o)
                0x0000000002012320                ftell
 .text._ftello_r
                0x0000000002012344      0x11c /opt/devkitpro/devkitARM/bin/../lib/gcc/arm-none-eabi/11.2.0/../../../../arm-none-eabi/lib/thumb/libg.a(lib_a-ftello.o)
                0x0000000002012344                _ftello_r
 .text._fwalk   0x0000000002012460       0x48 /opt/devkitpro/devkitARM/bin/../lib/gcc/arm-none-eabi/11.2.0/../../../../arm-none-eabi/lib/thumb/libg.a(lib_a-fwalk.o)
                0x0000000002012460                _fwalk
 .text._fwalk_reent
                0x00000000020124a8       0x50 /opt/devkitpro/devkitARM/bin/../lib/gcc/arm-none-eabi/11.2.0/../../../../arm-none-eabi/lib/thumb/libg.a(lib_a-fwalk.o)
                0x00000000020124a8                _fwalk_reent
 .text._fwrite_r
                0x00000000020124f8       0x94 /opt/devkitpro/devkitARM/bin/../lib/gcc/arm-none-eabi/11.2.0/../../../../arm-none-eabi/lib/thumb/libg.a(lib_a-fwrite.o)
                0x00000000020124f8                _fwrite_r
 .text.fwrite   0x000000000201258c       0x24 /opt/devkitpro/devkitARM/bin/../lib/gcc/arm-none-eabi/11.2.0/../../../../arm-none-eabi/lib/thumb/libg.a(lib_a-fwrite.o)
                0x000000000201258c                fwrite
 .text.__libc_init_array
                0x00000000020125b0       0x50 /opt/devkitpro/devkitARM/bin/../lib/gcc/arm-none-eabi/11.2.0/../../../../arm-none-eabi/lib/thumb/libg.a(lib_a-init.o)
                0x00000000020125b0                __libc_init_array
 .text.iprintf  0x0000000002012600       0x24 /opt/devkitpro/devkitARM/bin/../lib/gcc/arm-none-eabi/11.2.0/../../../../arm-none-eabi/lib/thumb/libg.a(lib_a-iprintf.o)
                0x0000000002012600                iprintf
 .text.localtime_r
                0x0000000002012624      0x244 /opt/devkitpro/devkitARM/bin/../lib/gcc/arm-none-eabi/11.2.0/../../../../arm-none-eabi/lib/thumb/libg.a(lib_a-lcltime_r.o)
                0x0000000002012624                localtime_r
 .text.__locale_mb_cur_max
                0x0000000002012868       0x10 /opt/devkitpro/devkitARM/bin/../lib/gcc/arm-none-eabi/11.2.0/../../../../arm-none-eabi/lib/thumb/libg.a(lib_a-locale.o)
                0x0000000002012868                __locale_mb_cur_max
 .text.__smakebuf_r
                0x0000000002012878       0xec /opt/devkitpro/devkitARM/bin/../lib/gcc/arm-none-eabi/11.2.0/../../../../arm-none-eabi/lib/thumb/libg.a(lib_a-makebuf.o)
                0x0000000002012878                __smakebuf_r
 .text.__swhatbuf_r
                0x0000000002012964       0x5c /opt/devkitpro/devkitARM/bin/../lib/gcc/arm-none-eabi/11.2.0/../../../../arm-none-eabi/lib/thumb/libg.a(lib_a-makebuf.o)
                0x0000000002012964                __swhatbuf_r
 .text.malloc   0x00000000020129c0       0x14 /opt/devkitpro/devkitARM/bin/../lib/gcc/arm-none-eabi/11.2.0/../../../../arm-none-eabi/lib/thumb/libg.a(lib_a-malloc.o)
                0x00000000020129c0                malloc
 .text.free     0x00000000020129d4       0x14 /opt/devkitpro/devkitARM/bin/../lib/gcc/arm-none-eabi/11.2.0/../../../../arm-none-eabi/lib/thumb/libg.a(lib_a-malloc.o)
                0x00000000020129d4                free
 .text._malloc_r
                0x00000000020129e8      0x58c /opt/devkitpro/devkitARM/bin/../lib/gcc/arm-none-eabi/11.2.0/../../../../arm-none-eabi/lib/thumb/libg.a(lib_a-mallocr.o)
                0x00000000020129e8                _malloc_r
 .text._mbrtowc_r
                0x0000000002012f74       0x60 /opt/devkitpro/devkitARM/bin/../lib/gcc/arm-none-eabi/11.2.0/../../../../arm-none-eabi/lib/thumb/libg.a(lib_a-mbrtowc.o)
                0x0000000002012f74                _mbrtowc_r
 .text.mbrtowc  0x0000000002012fd4       0x7c /opt/devkitpro/devkitARM/bin/../lib/gcc/arm-none-eabi/11.2.0/../../../../arm-none-eabi/lib/thumb/libg.a(lib_a-mbrtowc.o)
                0x0000000002012fd4                mbrtowc
 .text.mbsrtowcs
                0x0000000002013050       0x28 /opt/devkitpro/devkitARM/bin/../lib/gcc/arm-none-eabi/11.2.0/../../../../arm-none-eabi/lib/thumb/libg.a(lib_a-mbsrtowcs.o)
                0x0000000002013050                mbsrtowcs
 .text.__utf8_mbtowc
                0x0000000002013078      0x294 /opt/devkitpro/devkitARM/bin/../lib/gcc/arm-none-eabi/11.2.0/../../../../arm-none-eabi/lib/thumb/libg.a(lib_a-mbtowc_r.o)
                0x0000000002013078                __utf8_mbtowc
 .text.memcmp   0x000000000201330c       0x4c /opt/devkitpro/devkitARM/bin/../lib/gcc/arm-none-eabi/11.2.0/../../../../arm-none-eabi/lib/thumb/libg.a(lib_a-memcmp.o)
                0x000000000201330c                memcmp
 .text.memcpy   0x0000000002013358       0xa8 /opt/devkitpro/devkitARM/bin/../lib/gcc/arm-none-eabi/11.2.0/../../../../arm-none-eabi/lib/thumb/libg.a(lib_a-memcpy-stub.o)
                0x0000000002013358                memcpy
 .text.memmove  0x0000000002013400       0xbc /opt/devkitpro/devkitARM/bin/../lib/gcc/arm-none-eabi/11.2.0/../../../../arm-none-eabi/lib/thumb/libg.a(lib_a-memmove.o)
                0x0000000002013400                memmove
 .text.memset   0x00000000020134bc       0xb0 /opt/devkitpro/devkitARM/bin/../lib/gcc/arm-none-eabi/11.2.0/../../../../arm-none-eabi/lib/thumb/libg.a(lib_a-memset.o)
                0x00000000020134bc                memset
 .text.validate_structure
                0x000000000201356c      0x1dc /opt/devkitpro/devkitARM/bin/../lib/gcc/arm-none-eabi/11.2.0/../../../../arm-none-eabi/lib/thumb/libg.a(lib_a-mktime.o)
 .text.mktime   0x0000000002013748      0x450 /opt/devkitpro/devkitARM/bin/../lib/gcc/arm-none-eabi/11.2.0/../../../../arm-none-eabi/lib/thumb/libg.a(lib_a-mktime.o)
                0x0000000002013748                mktime
 .text.__malloc_lock
                0x0000000002013b98       0x14 /opt/devkitpro/devkitARM/bin/../lib/gcc/arm-none-eabi/11.2.0/../../../../arm-none-eabi/lib/thumb/libg.a(lib_a-mlock.o)
                0x0000000002013b98                __malloc_lock
 .text.__malloc_unlock
                0x0000000002013bac       0x14 /opt/devkitpro/devkitARM/bin/../lib/gcc/arm-none-eabi/11.2.0/../../../../arm-none-eabi/lib/thumb/libg.a(lib_a-mlock.o)
                0x0000000002013bac                __malloc_unlock
 .text.printf   0x0000000002013bc0       0x24 /opt/devkitpro/devkitARM/bin/../lib/gcc/arm-none-eabi/11.2.0/../../../../arm-none-eabi/lib/thumb/libg.a(lib_a-printf.o)
                0x0000000002013bc0                printf
 .text._puts_r  0x0000000002013be4       0x80 /opt/devkitpro/devkitARM/bin/../lib/gcc/arm-none-eabi/11.2.0/../../../../arm-none-eabi/lib/thumb/libg.a(lib_a-puts.o)
                0x0000000002013be4                _puts_r
 .text.puts     0x0000000002013c64       0x14 /opt/devkitpro/devkitARM/bin/../lib/gcc/arm-none-eabi/11.2.0/../../../../arm-none-eabi/lib/thumb/libg.a(lib_a-puts.o)
                0x0000000002013c64                puts
 .text.realloc  0x0000000002013c78       0x18 /opt/devkitpro/devkitARM/bin/../lib/gcc/arm-none-eabi/11.2.0/../../../../arm-none-eabi/lib/thumb/libg.a(lib_a-realloc.o)
                0x0000000002013c78                realloc
 .text._realloc_r
                0x0000000002013c90      0x380 /opt/devkitpro/devkitARM/bin/../lib/gcc/arm-none-eabi/11.2.0/../../../../arm-none-eabi/lib/thumb/libg.a(lib_a-reallocr.o)
                0x0000000002013c90                _realloc_r
 .text.lflush   0x0000000002014010       0x20 /opt/devkitpro/devkitARM/bin/../lib/gcc/arm-none-eabi/11.2.0/../../../../arm-none-eabi/lib/thumb/libg.a(lib_a-refill.o)
 .text.__srefill_r
                0x0000000002014030      0x118 /opt/devkitpro/devkitARM/bin/../lib/gcc/arm-none-eabi/11.2.0/../../../../arm-none-eabi/lib/thumb/libg.a(lib_a-refill.o)
                0x0000000002014030                __srefill_r
 .text.rewind   0x0000000002014148       0x20 /opt/devkitpro/devkitARM/bin/../lib/gcc/arm-none-eabi/11.2.0/../../../../arm-none-eabi/lib/thumb/libg.a(lib_a-rewind.o)
                0x0000000002014148                rewind
 .text.setvbuf  0x0000000002014168      0x1ac /opt/devkitpro/devkitARM/bin/../lib/gcc/arm-none-eabi/11.2.0/../../../../arm-none-eabi/lib/thumb/libg.a(lib_a-setvbuf.o)
                0x0000000002014168                setvbuf
 .text.siscanf  0x0000000002014314       0x4c /opt/devkitpro/devkitARM/bin/../lib/gcc/arm-none-eabi/11.2.0/../../../../arm-none-eabi/lib/thumb/libg.a(lib_a-siscanf.o)
                0x0000000002014314                siscanf
 .text.sprintf  0x0000000002014360       0x40 /opt/devkitpro/devkitARM/bin/../lib/gcc/arm-none-eabi/11.2.0/../../../../arm-none-eabi/lib/thumb/libg.a(lib_a-sprintf.o)
                0x0000000002014360                sprintf
 .text.__sread  0x00000000020143a0       0x34 /opt/devkitpro/devkitARM/bin/../lib/gcc/arm-none-eabi/11.2.0/../../../../arm-none-eabi/lib/thumb/libg.a(lib_a-stdio.o)
                0x00000000020143a0                __sread
 .text.__seofread
                0x00000000020143d4        0x4 /opt/devkitpro/devkitARM/bin/../lib/gcc/arm-none-eabi/11.2.0/../../../../arm-none-eabi/lib/thumb/libg.a(lib_a-stdio.o)
                0x00000000020143d4                __seofread
 .text.__swrite
                0x00000000020143d8       0x4c /opt/devkitpro/devkitARM/bin/../lib/gcc/arm-none-eabi/11.2.0/../../../../arm-none-eabi/lib/thumb/libg.a(lib_a-stdio.o)
                0x00000000020143d8                __swrite
 .text.__sseek  0x0000000002014424       0x40 /opt/devkitpro/devkitARM/bin/../lib/gcc/arm-none-eabi/11.2.0/../../../../arm-none-eabi/lib/thumb/libg.a(lib_a-stdio.o)
                0x0000000002014424                __sseek
 .text.__sclose
                0x0000000002014464       0x10 /opt/devkitpro/devkitARM/bin/../lib/gcc/arm-none-eabi/11.2.0/../../../../arm-none-eabi/lib/thumb/libg.a(lib_a-stdio.o)
                0x0000000002014464                __sclose
 .text.stpcpy   0x0000000002014474       0x50 /opt/devkitpro/devkitARM/bin/../lib/gcc/arm-none-eabi/11.2.0/../../../../arm-none-eabi/lib/thumb/libg.a(lib_a-stpcpy.o)
                0x0000000002014474                stpcpy
 .text.strcasecmp
                0x00000000020144c4       0x48 /opt/devkitpro/devkitARM/bin/../lib/gcc/arm-none-eabi/11.2.0/../../../../arm-none-eabi/lib/thumb/libg.a(lib_a-strcasecmp.o)
                0x00000000020144c4                strcasecmp
 .text.strchr   0x000000000201450c       0xc8 /opt/devkitpro/devkitARM/bin/../lib/gcc/arm-none-eabi/11.2.0/../../../../arm-none-eabi/lib/thumb/libg.a(lib_a-strchr.o)
                0x000000000201450c                strchr
 .text.strcpy   0x00000000020145d4       0x10 /opt/devkitpro/devkitARM/bin/../lib/gcc/arm-none-eabi/11.2.0/../../../../arm-none-eabi/lib/thumb/libg.a(lib_a-strcpy.o)
                0x00000000020145d4                strcpy
 .text.strdup   0x00000000020145e4       0x14 /opt/devkitpro/devkitARM/bin/../lib/gcc/arm-none-eabi/11.2.0/../../../../arm-none-eabi/lib/thumb/libg.a(lib_a-strdup.o)
                0x00000000020145e4                strdup
 .text._strdup_r
                0x00000000020145f8       0x2c /opt/devkitpro/devkitARM/bin/../lib/gcc/arm-none-eabi/11.2.0/../../../../arm-none-eabi/lib/thumb/libg.a(lib_a-strdup_r.o)
                0x00000000020145f8                _strdup_r
 .text.strlen   0x0000000002014624       0x60 /opt/devkitpro/devkitARM/bin/../lib/gcc/arm-none-eabi/11.2.0/../../../../arm-none-eabi/lib/thumb/libg.a(lib_a-strlen-stub.o)
                0x0000000002014624                strlen
 .text.strncasecmp
                0x0000000002014684       0x54 /opt/devkitpro/devkitARM/bin/../lib/gcc/arm-none-eabi/11.2.0/../../../../arm-none-eabi/lib/thumb/libg.a(lib_a-strncasecmp.o)
                0x0000000002014684                strncasecmp
 .text.strncmp  0x00000000020146d8       0x78 /opt/devkitpro/devkitARM/bin/../lib/gcc/arm-none-eabi/11.2.0/../../../../arm-none-eabi/lib/thumb/libg.a(lib_a-strncmp.o)
                0x00000000020146d8                strncmp
 .text.strncpy  0x0000000002014750       0x74 /opt/devkitpro/devkitARM/bin/../lib/gcc/arm-none-eabi/11.2.0/../../../../arm-none-eabi/lib/thumb/libg.a(lib_a-strncpy.o)
                0x0000000002014750                strncpy
 .text.strnlen  0x00000000020147c4       0x28 /opt/devkitpro/devkitARM/bin/../lib/gcc/arm-none-eabi/11.2.0/../../../../arm-none-eabi/lib/thumb/libg.a(lib_a-strnlen.o)
                0x00000000020147c4                strnlen
 .text.strpbrk  0x00000000020147ec       0x3c /opt/devkitpro/devkitARM/bin/../lib/gcc/arm-none-eabi/11.2.0/../../../../arm-none-eabi/lib/thumb/libg.a(lib_a-strpbrk.o)
                0x00000000020147ec                strpbrk
 .text.strrchr  0x0000000002014828       0x2c /opt/devkitpro/devkitARM/bin/../lib/gcc/arm-none-eabi/11.2.0/../../../../arm-none-eabi/lib/thumb/libg.a(lib_a-strrchr.o)
                0x0000000002014828                strrchr
 .text._strtol_l.part.0
                0x0000000002014854      0x144 /opt/devkitpro/devkitARM/bin/../lib/gcc/arm-none-eabi/11.2.0/../../../../arm-none-eabi/lib/thumb/libg.a(lib_a-strtol.o)
 .text._strtol_r
                0x0000000002014998       0x20 /opt/devkitpro/devkitARM/bin/../lib/gcc/arm-none-eabi/11.2.0/../../../../arm-none-eabi/lib/thumb/libg.a(lib_a-strtol.o)
                0x0000000002014998                _strtol_r
 .text.get_arg  0x00000000020149b8       0x32 /opt/devkitpro/devkitARM/bin/../lib/gcc/arm-none-eabi/11.2.0/../../../../arm-none-eabi/lib/thumb/libg.a(lib_a-svfiscanf.o)
 .text._sungetc_r
                0x00000000020149ea       0x7e /opt/devkitpro/devkitARM/bin/../lib/gcc/arm-none-eabi/11.2.0/../../../../arm-none-eabi/lib/thumb/libg.a(lib_a-svfiscanf.o)
                0x00000000020149ea                _sungetc_r
 .text.__ssrefill_r
                0x0000000002014a68       0x42 /opt/devkitpro/devkitARM/bin/../lib/gcc/arm-none-eabi/11.2.0/../../../../arm-none-eabi/lib/thumb/libg.a(lib_a-svfiscanf.o)
                0x0000000002014a68                __ssrefill_r
 .text._sfread_r
                0x0000000002014aaa       0x88 /opt/devkitpro/devkitARM/bin/../lib/gcc/arm-none-eabi/11.2.0/../../../../arm-none-eabi/lib/thumb/libg.a(lib_a-svfiscanf.o)
                0x0000000002014aaa                _sfread_r
 *fill*         0x0000000002014b32        0x2 ff
 .text.__ssvfiscanf_r
                0x0000000002014b34     0x1a04 /opt/devkitpro/devkitARM/bin/../lib/gcc/arm-none-eabi/11.2.0/../../../../arm-none-eabi/lib/thumb/libg.a(lib_a-svfiscanf.o)
                0x0000000002014b34                __ssvfiscanf_r
 .text.get_arg  0x0000000002016538      0x400 /opt/devkitpro/devkitARM/bin/../lib/gcc/arm-none-eabi/11.2.0/../../../../arm-none-eabi/lib/thumb/libg.a(lib_a-svfprintf.o)
 .text._svfprintf_r
                0x0000000002016938     0x22fc /opt/devkitpro/devkitARM/bin/../lib/gcc/arm-none-eabi/11.2.0/../../../../arm-none-eabi/lib/thumb/libg.a(lib_a-svfprintf.o)
                0x0000000002016938                _svfprintf_r
 .text.lseek    0x0000000002018c34       0x24 /opt/devkitpro/devkitARM/bin/../lib/gcc/arm-none-eabi/11.2.0/../../../../arm-none-eabi/lib/thumb/libg.a(lib_a-syslseek.o)
                0x0000000002018c34                lseek
 .text.open     0x0000000002018c58       0x28 /opt/devkitpro/devkitARM/bin/../lib/gcc/arm-none-eabi/11.2.0/../../../../arm-none-eabi/lib/thumb/libg.a(lib_a-sysopen.o)
                0x0000000002018c58                open
 .text.read     0x0000000002018c80       0x1c /opt/devkitpro/devkitARM/bin/../lib/gcc/arm-none-eabi/11.2.0/../../../../arm-none-eabi/lib/thumb/libg.a(lib_a-sysread.o)
                0x0000000002018c80                read
 .text.time     0x0000000002018c9c       0x34 /opt/devkitpro/devkitARM/bin/../lib/gcc/arm-none-eabi/11.2.0/../../../../arm-none-eabi/lib/thumb/libg.a(lib_a-time.o)
                0x0000000002018c9c                time
 .text.towlower
                0x0000000002018cd0       0x10 /opt/devkitpro/devkitARM/bin/../lib/gcc/arm-none-eabi/11.2.0/../../../../arm-none-eabi/lib/thumb/libg.a(lib_a-towlower.o)
                0x0000000002018cd0                towlower
 .text.towupper
                0x0000000002018ce0       0x10 /opt/devkitpro/devkitARM/bin/../lib/gcc/arm-none-eabi/11.2.0/../../../../arm-none-eabi/lib/thumb/libg.a(lib_a-towupper.o)
                0x0000000002018ce0                towupper
 .text.__tzcalc_limits
                0x0000000002018cf0      0x1b4 /opt/devkitpro/devkitARM/bin/../lib/gcc/arm-none-eabi/11.2.0/../../../../arm-none-eabi/lib/thumb/libg.a(lib_a-tzcalc_limits.o)
                0x0000000002018cf0                __tzcalc_limits
 .text.__tz_lock
                0x0000000002018ea4       0x14 /opt/devkitpro/devkitARM/bin/../lib/gcc/arm-none-eabi/11.2.0/../../../../arm-none-eabi/lib/thumb/libg.a(lib_a-tzlock.o)
                0x0000000002018ea4                __tz_lock
 .text.__tz_unlock
                0x0000000002018eb8       0x14 /opt/devkitpro/devkitARM/bin/../lib/gcc/arm-none-eabi/11.2.0/../../../../arm-none-eabi/lib/thumb/libg.a(lib_a-tzlock.o)
                0x0000000002018eb8                __tz_unlock
 .text._tzset_unlocked
                0x0000000002018ecc       0x10 /opt/devkitpro/devkitARM/bin/../lib/gcc/arm-none-eabi/11.2.0/../../../../arm-none-eabi/lib/thumb/libg.a(lib_a-tzset.o)
                0x0000000002018ecc                _tzset_unlocked
 .text._tzset_unlocked_r
                0x0000000002018edc      0x370 /opt/devkitpro/devkitARM/bin/../lib/gcc/arm-none-eabi/11.2.0/../../../../arm-none-eabi/lib/thumb/libg.a(lib_a-tzset_r.o)
                0x0000000002018edc                _tzset_unlocked_r
 .text.__submore
                0x000000000201924c       0x88 /opt/devkitpro/devkitARM/bin/../lib/gcc/arm-none-eabi/11.2.0/../../../../arm-none-eabi/lib/thumb/libg.a(lib_a-ungetc.o)
                0x000000000201924c                __submore
 .text.get_arg  0x00000000020192d4      0x400 /opt/devkitpro/devkitARM/bin/../lib/gcc/arm-none-eabi/11.2.0/../../../../arm-none-eabi/lib/thumb/libg.a(lib_a-vfiprintf.o)
 .text.__sprint_r
                0x00000000020196d4       0x24 /opt/devkitpro/devkitARM/bin/../lib/gcc/arm-none-eabi/11.2.0/../../../../arm-none-eabi/lib/thumb/libg.a(lib_a-vfiprintf.o)
                0x00000000020196d4                __sprint_r
 .text._vfiprintf_r
                0x00000000020196f8     0x1710 /opt/devkitpro/devkitARM/bin/../lib/gcc/arm-none-eabi/11.2.0/../../../../arm-none-eabi/lib/thumb/libg.a(lib_a-vfiprintf.o)
                0x00000000020196f8                _vfiprintf_r
 .text.__sbprintf
                0x000000000201ae08       0x8c /opt/devkitpro/devkitARM/bin/../lib/gcc/arm-none-eabi/11.2.0/../../../../arm-none-eabi/lib/thumb/libg.a(lib_a-vfiprintf.o)
 .text.get_arg  0x000000000201ae94      0x400 /opt/devkitpro/devkitARM/bin/../lib/gcc/arm-none-eabi/11.2.0/../../../../arm-none-eabi/lib/thumb/libg.a(lib_a-vfprintf.o)
 .text._vfprintf_r
                0x000000000201b294     0x2384 /opt/devkitpro/devkitARM/bin/../lib/gcc/arm-none-eabi/11.2.0/../../../../arm-none-eabi/lib/thumb/libg.a(lib_a-vfprintf.o)
                0x000000000201b294                _vfprintf_r
 .text.__sbprintf
                0x000000000201d618       0x8c /opt/devkitpro/devkitARM/bin/../lib/gcc/arm-none-eabi/11.2.0/../../../../arm-none-eabi/lib/thumb/libg.a(lib_a-vfprintf.o)
 .text._wcrtomb_r
                0x000000000201d6a4       0x5c /opt/devkitpro/devkitARM/bin/../lib/gcc/arm-none-eabi/11.2.0/../../../../arm-none-eabi/lib/thumb/libg.a(lib_a-wcrtomb.o)
                0x000000000201d6a4                _wcrtomb_r
 .text.wcrtomb  0x000000000201d700       0x74 /opt/devkitpro/devkitARM/bin/../lib/gcc/arm-none-eabi/11.2.0/../../../../arm-none-eabi/lib/thumb/libg.a(lib_a-wcrtomb.o)
                0x000000000201d700                wcrtomb
 .text._wcsrtombs_r
                0x000000000201d774       0x1c /opt/devkitpro/devkitARM/bin/../lib/gcc/arm-none-eabi/11.2.0/../../../../arm-none-eabi/lib/thumb/libg.a(lib_a-wcsrtombs.o)
                0x000000000201d774                _wcsrtombs_r
 .text.wctob    0x000000000201d790       0x48 /opt/devkitpro/devkitARM/bin/../lib/gcc/arm-none-eabi/11.2.0/../../../../arm-none-eabi/lib/thumb/libg.a(lib_a-wctob.o)
                0x000000000201d790                wctob
 .text.__utf8_wctomb
                0x000000000201d7d8       0xb4 /opt/devkitpro/devkitARM/bin/../lib/gcc/arm-none-eabi/11.2.0/../../../../arm-none-eabi/lib/thumb/libg.a(lib_a-wctomb_r.o)
                0x000000000201d7d8                __utf8_wctomb
 .text.__swsetup_r
                0x000000000201d88c       0xe4 /opt/devkitpro/devkitARM/bin/../lib/gcc/arm-none-eabi/11.2.0/../../../../arm-none-eabi/lib/thumb/libg.a(lib_a-wsetup.o)
                0x000000000201d88c                __swsetup_r
 .text.__call_exitprocs
                0x000000000201d970       0xf4 /opt/devkitpro/devkitARM/bin/../lib/gcc/arm-none-eabi/11.2.0/../../../../arm-none-eabi/lib/thumb/libg.a(lib_a-__call_atexit.o)
                0x000000000201d970                __call_exitprocs
 .text.div      0x000000000201da64       0x34 /opt/devkitpro/devkitARM/bin/../lib/gcc/arm-none-eabi/11.2.0/../../../../arm-none-eabi/lib/thumb/libg.a(lib_a-div.o)
                0x000000000201da64                div
 .text.quorem   0x000000000201da98      0x148 /opt/devkitpro/devkitARM/bin/../lib/gcc/arm-none-eabi/11.2.0/../../../../arm-none-eabi/lib/thumb/libg.a(lib_a-dtoa.o)
 .text._dtoa_r  0x000000000201dbe0      0xfc4 /opt/devkitpro/devkitARM/bin/../lib/gcc/arm-none-eabi/11.2.0/../../../../arm-none-eabi/lib/thumb/libg.a(lib_a-dtoa.o)
                0x000000000201dbe0                _dtoa_r
 .text.__sflags
                0x000000000201eba4       0xa4 /opt/devkitpro/devkitARM/bin/../lib/gcc/arm-none-eabi/11.2.0/../../../../arm-none-eabi/lib/thumb/libg.a(lib_a-flags.o)
                0x000000000201eba4                __sflags
 .text.__sfvwrite_r
                0x000000000201ec48      0x34c /opt/devkitpro/devkitARM/bin/../lib/gcc/arm-none-eabi/11.2.0/../../../../arm-none-eabi/lib/thumb/libg.a(lib_a-fvwrite.o)
                0x000000000201ec48                __sfvwrite_r
 .text._findenv_r
                0x000000000201ef94       0x94 /opt/devkitpro/devkitARM/bin/../lib/gcc/arm-none-eabi/11.2.0/../../../../arm-none-eabi/lib/thumb/libg.a(lib_a-getenv_r.o)
                0x000000000201ef94                _findenv_r
 .text._getenv_r
                0x000000000201f028       0x10 /opt/devkitpro/devkitARM/bin/../lib/gcc/arm-none-eabi/11.2.0/../../../../arm-none-eabi/lib/thumb/libg.a(lib_a-getenv_r.o)
                0x000000000201f028                _getenv_r
 .text.__gettzinfo
                0x000000000201f038        0x8 /opt/devkitpro/devkitARM/bin/../lib/gcc/arm-none-eabi/11.2.0/../../../../arm-none-eabi/lib/thumb/libg.a(lib_a-gettzinfo.o)
                0x000000000201f038                __gettzinfo
 .text.gmtime_r
                0x000000000201f040      0x1c8 /opt/devkitpro/devkitARM/bin/../lib/gcc/arm-none-eabi/11.2.0/../../../../arm-none-eabi/lib/thumb/libg.a(lib_a-gmtime_r.o)
                0x000000000201f040                gmtime_r
 .text.iswspace
                0x000000000201f208       0x10 /opt/devkitpro/devkitARM/bin/../lib/gcc/arm-none-eabi/11.2.0/../../../../arm-none-eabi/lib/thumb/libg.a(lib_a-iswspace.o)
                0x000000000201f208                iswspace
 .text._localeconv_r
                0x000000000201f218        0x8 /opt/devkitpro/devkitARM/bin/../lib/gcc/arm-none-eabi/11.2.0/../../../../arm-none-eabi/lib/thumb/libg.a(lib_a-localeconv.o)
                0x000000000201f218                _localeconv_r
 .text._mbsnrtowcs_r
                0x000000000201f220       0xbc /opt/devkitpro/devkitARM/bin/../lib/gcc/arm-none-eabi/11.2.0/../../../../arm-none-eabi/lib/thumb/libg.a(lib_a-mbsnrtowcs.o)
                0x000000000201f220                _mbsnrtowcs_r
 .text.memchr   0x000000000201f2dc       0x78 /opt/devkitpro/devkitARM/bin/../lib/gcc/arm-none-eabi/11.2.0/../../../../arm-none-eabi/lib/thumb/libg.a(lib_a-memchr-stub.o)
                0x000000000201f2dc                memchr
 .text._Balloc  0x000000000201f354       0x54 /opt/devkitpro/devkitARM/bin/../lib/gcc/arm-none-eabi/11.2.0/../../../../arm-none-eabi/lib/thumb/libg.a(lib_a-mprec.o)
                0x000000000201f354                _Balloc
 .text._Bfree   0x000000000201f3a8       0x14 /opt/devkitpro/devkitARM/bin/../lib/gcc/arm-none-eabi/11.2.0/../../../../arm-none-eabi/lib/thumb/libg.a(lib_a-mprec.o)
                0x000000000201f3a8                _Bfree
 .text.__multadd
                0x000000000201f3bc       0xac /opt/devkitpro/devkitARM/bin/../lib/gcc/arm-none-eabi/11.2.0/../../../../arm-none-eabi/lib/thumb/libg.a(lib_a-mprec.o)
                0x000000000201f3bc                __multadd
 .text.__hi0bits
                0x000000000201f468       0x38 /opt/devkitpro/devkitARM/bin/../lib/gcc/arm-none-eabi/11.2.0/../../../../arm-none-eabi/lib/thumb/libg.a(lib_a-mprec.o)
                0x000000000201f468                __hi0bits
 .text.__lo0bits
                0x000000000201f4a0       0x5c /opt/devkitpro/devkitARM/bin/../lib/gcc/arm-none-eabi/11.2.0/../../../../arm-none-eabi/lib/thumb/libg.a(lib_a-mprec.o)
                0x000000000201f4a0                __lo0bits
 .text.__i2b    0x000000000201f4fc       0x64 /opt/devkitpro/devkitARM/bin/../lib/gcc/arm-none-eabi/11.2.0/../../../../arm-none-eabi/lib/thumb/libg.a(lib_a-mprec.o)
                0x000000000201f4fc                __i2b
 .text.__multiply
                0x000000000201f560      0x1a8 /opt/devkitpro/devkitARM/bin/../lib/gcc/arm-none-eabi/11.2.0/../../../../arm-none-eabi/lib/thumb/libg.a(lib_a-mprec.o)
                0x000000000201f560                __multiply
 .text.__pow5mult
                0x000000000201f708       0xd8 /opt/devkitpro/devkitARM/bin/../lib/gcc/arm-none-eabi/11.2.0/../../../../arm-none-eabi/lib/thumb/libg.a(lib_a-mprec.o)
                0x000000000201f708                __pow5mult
 .text.__lshift
                0x000000000201f7e0      0x104 /opt/devkitpro/devkitARM/bin/../lib/gcc/arm-none-eabi/11.2.0/../../../../arm-none-eabi/lib/thumb/libg.a(lib_a-mprec.o)
                0x000000000201f7e0                __lshift
 .text.__mcmp   0x000000000201f8e4       0x38 /opt/devkitpro/devkitARM/bin/../lib/gcc/arm-none-eabi/11.2.0/../../../../arm-none-eabi/lib/thumb/libg.a(lib_a-mprec.o)
                0x000000000201f8e4                __mcmp
 .text.__mdiff  0x000000000201f91c      0x198 /opt/devkitpro/devkitARM/bin/../lib/gcc/arm-none-eabi/11.2.0/../../../../arm-none-eabi/lib/thumb/libg.a(lib_a-mprec.o)
                0x000000000201f91c                __mdiff
 .text.__d2b    0x000000000201fab4       0xd0 /opt/devkitpro/devkitARM/bin/../lib/gcc/arm-none-eabi/11.2.0/../../../../arm-none-eabi/lib/thumb/libg.a(lib_a-mprec.o)
                0x000000000201fab4                __d2b
 .text.__sccl   0x000000000201fb84       0x90 /opt/devkitpro/devkitARM/bin/../lib/gcc/arm-none-eabi/11.2.0/../../../../arm-none-eabi/lib/thumb/libg.a(lib_a-sccl.o)
                0x000000000201fb84                __sccl
 .text.frexp    0x000000000201fc14       0x68 /opt/devkitpro/devkitARM/bin/../lib/gcc/arm-none-eabi/11.2.0/../../../../arm-none-eabi/lib/thumb/libg.a(lib_a-s_frexp.o)
                0x000000000201fc14                frexp
 .text._strtoll_l.constprop.0
                0x000000000201fc7c      0x1a4 /opt/devkitpro/devkitARM/bin/../lib/gcc/arm-none-eabi/11.2.0/../../../../arm-none-eabi/lib/thumb/libg.a(lib_a-strtoll.o)
 .text._strtoll_r
                0x000000000201fe20        0xc /opt/devkitpro/devkitARM/bin/../lib/gcc/arm-none-eabi/11.2.0/../../../../arm-none-eabi/lib/thumb/libg.a(lib_a-strtoll.o)
                0x000000000201fe20                _strtoll_r
 .text._strtoull_l.constprop.0
                0x000000000201fe2c      0x1c0 /opt/devkitpro/devkitARM/bin/../lib/gcc/arm-none-eabi/11.2.0/../../../../arm-none-eabi/lib/thumb/libg.a(lib_a-strtoull.o)
 .text._strtoull_r
                0x000000000201ffec        0xc /opt/devkitpro/devkitARM/bin/../lib/gcc/arm-none-eabi/11.2.0/../../../../arm-none-eabi/lib/thumb/libg.a(lib_a-strtoull.o)
                0x000000000201ffec                _strtoull_r
 .text._strtoul_l.constprop.0
                0x000000000201fff8      0x148 /opt/devkitpro/devkitARM/bin/../lib/gcc/arm-none-eabi/11.2.0/../../../../arm-none-eabi/lib/thumb/libg.a(lib_a-strtoul.o)
 .text._strtoul_r
                0x0000000002020140        0xc /opt/devkitpro/devkitARM/bin/../lib/gcc/arm-none-eabi/11.2.0/../../../../arm-none-eabi/lib/thumb/libg.a(lib_a-strtoul.o)
                0x0000000002020140                _strtoul_r
 .text.strtoul  0x000000000202014c       0x1c /opt/devkitpro/devkitARM/bin/../lib/gcc/arm-none-eabi/11.2.0/../../../../arm-none-eabi/lib/thumb/libg.a(lib_a-strtoul.o)
                0x000000000202014c                strtoul
 .text.__ssprint_r
                0x0000000002020168      0x124 /opt/devkitpro/devkitARM/bin/../lib/gcc/arm-none-eabi/11.2.0/../../../../arm-none-eabi/lib/thumb/libg.a(lib_a-svfiprintf.o)
                0x0000000002020168                __ssprint_r
 .text.towctrans
                0x000000000202028c       0x28 /opt/devkitpro/devkitARM/bin/../lib/gcc/arm-none-eabi/11.2.0/../../../../arm-none-eabi/lib/thumb/libg.a(lib_a-towctrans.o)
                0x000000000202028c                towctrans
 .text._wcsnrtombs_l
                0x00000000020202b4      0x110 /opt/devkitpro/devkitARM/bin/../lib/gcc/arm-none-eabi/11.2.0/../../../../arm-none-eabi/lib/thumb/libg.a(lib_a-wcsnrtombs.o)
                0x00000000020202b4                _wcsnrtombs_l
 .text._wcsnrtombs_r
                0x00000000020203c4       0x30 /opt/devkitpro/devkitARM/bin/../lib/gcc/arm-none-eabi/11.2.0/../../../../arm-none-eabi/lib/thumb/libg.a(lib_a-wcsnrtombs.o)
                0x00000000020203c4                _wcsnrtombs_r
 .text.__assert_func
                0x00000000020203f4       0x40 /opt/devkitpro/devkitARM/bin/../lib/gcc/arm-none-eabi/11.2.0/../../../../arm-none-eabi/lib/thumb/libg.a(lib_a-assert.o)
                0x00000000020203f4                __assert_func
 .text.__env_lock
                0x0000000002020434       0x14 /opt/devkitpro/devkitARM/bin/../lib/gcc/arm-none-eabi/11.2.0/../../../../arm-none-eabi/lib/thumb/libg.a(lib_a-envlock.o)
                0x0000000002020434                __env_lock
 .text.__env_unlock
                0x0000000002020448       0x14 /opt/devkitpro/devkitARM/bin/../lib/gcc/arm-none-eabi/11.2.0/../../../../arm-none-eabi/lib/thumb/libg.a(lib_a-envlock.o)
                0x0000000002020448                __env_unlock
 .text.fiprintf
                0x000000000202045c       0x28 /opt/devkitpro/devkitARM/bin/../lib/gcc/arm-none-eabi/11.2.0/../../../../arm-none-eabi/lib/thumb/libg.a(lib_a-fiprintf.o)
                0x000000000202045c                fiprintf
 .text.iswspace_l
                0x0000000002020484       0x2c /opt/devkitpro/devkitARM/bin/../lib/gcc/arm-none-eabi/11.2.0/../../../../arm-none-eabi/lib/thumb/libg.a(lib_a-iswspace_l.o)
                0x0000000002020484                iswspace_l
 .text.__jp2uc  0x00000000020204b0      0x154 /opt/devkitpro/devkitARM/bin/../lib/gcc/arm-none-eabi/11.2.0/../../../../arm-none-eabi/lib/thumb/libg.a(lib_a-jp2uc.o)
 .text._jp2uc_l
                0x0000000002020604       0x6c /opt/devkitpro/devkitARM/bin/../lib/gcc/arm-none-eabi/11.2.0/../../../../arm-none-eabi/lib/thumb/libg.a(lib_a-jp2uc.o)
                0x0000000002020604                _jp2uc_l
 .text._uc2jp_l
                0x0000000002020670       0x4c /opt/devkitpro/devkitARM/bin/../lib/gcc/arm-none-eabi/11.2.0/../../../../arm-none-eabi/lib/thumb/libg.a(lib_a-jp2uc.o)
                0x0000000002020670                _uc2jp_l
 .text.towctrans_l
                0x00000000020206bc      0x1b4 /opt/devkitpro/devkitARM/bin/../lib/gcc/arm-none-eabi/11.2.0/../../../../arm-none-eabi/lib/thumb/libg.a(lib_a-towctrans_l.o)
                0x00000000020206bc                towctrans_l
 .text.abort    0x0000000002020870       0x10 /opt/devkitpro/devkitARM/bin/../lib/gcc/arm-none-eabi/11.2.0/../../../../arm-none-eabi/lib/thumb/libg.a(lib_a-abort.o)
                0x0000000002020870                abort
 .text.category
                0x0000000002020880       0x54 /opt/devkitpro/devkitARM/bin/../lib/gcc/arm-none-eabi/11.2.0/../../../../arm-none-eabi/lib/thumb/libg.a(lib_a-categories.o)
                0x0000000002020880                category
 .text._raise_r
                0x00000000020208d4       0x64 /opt/devkitpro/devkitARM/bin/../lib/gcc/arm-none-eabi/11.2.0/../../../../arm-none-eabi/lib/thumb/libg.a(lib_a-signal.o)
                0x00000000020208d4                _raise_r
 .text.raise    0x0000000002020938       0x14 /opt/devkitpro/devkitARM/bin/../lib/gcc/arm-none-eabi/11.2.0/../../../../arm-none-eabi/lib/thumb/libg.a(lib_a-signal.o)
                0x0000000002020938                raise
 .text.null_write
                0x000000000202094c        0x4 /opt/devkitpro/devkitARM/bin/../lib/gcc/arm-none-eabi/11.2.0/../../../../arm-none-eabi/lib/thumb/libsysbase.a(iosupport.o)
 .text.setDefaultDevice
                0x0000000002020950       0x10 /opt/devkitpro/devkitARM/bin/../lib/gcc/arm-none-eabi/11.2.0/../../../../arm-none-eabi/lib/thumb/libsysbase.a(iosupport.o)
                0x0000000002020950                setDefaultDevice
 .text.FindDevice
                0x0000000002020960       0x98 /opt/devkitpro/devkitARM/bin/../lib/gcc/arm-none-eabi/11.2.0/../../../../arm-none-eabi/lib/thumb/libsysbase.a(iosupport.o)
                0x0000000002020960                FindDevice
 .text.AddDevice
                0x00000000020209f8       0x78 /opt/devkitpro/devkitARM/bin/../lib/gcc/arm-none-eabi/11.2.0/../../../../arm-none-eabi/lib/thumb/libsysbase.a(iosupport.o)
                0x00000000020209f8                AddDevice
 .text.GetDeviceOpTab
                0x0000000002020a70       0x20 /opt/devkitpro/devkitARM/bin/../lib/gcc/arm-none-eabi/11.2.0/../../../../arm-none-eabi/lib/thumb/libsysbase.a(iosupport.o)
                0x0000000002020a70                GetDeviceOpTab
 .text._fstat_r
                0x0000000002020a90       0x4c /opt/devkitpro/devkitARM/bin/../lib/gcc/arm-none-eabi/11.2.0/../../../../arm-none-eabi/lib/thumb/libsysbase.a(fstat.o)
                0x0000000002020a90                _fstat_r
 .text._getpid_r
                0x0000000002020adc        0xc /opt/devkitpro/devkitARM/bin/../lib/gcc/arm-none-eabi/11.2.0/../../../../arm-none-eabi/lib/thumb/libsysbase.a(getpid.o)
                0x0000000002020adc                _getpid_r
 .text._gettimeofday_r
                0x0000000002020ae8       0x20 /opt/devkitpro/devkitARM/bin/../lib/gcc/arm-none-eabi/11.2.0/../../../../arm-none-eabi/lib/thumb/libsysbase.a(gettod.o)
                0x0000000002020ae8                _gettimeofday_r
 .text._isatty_r
                0x0000000002020b08        0x4 /opt/devkitpro/devkitARM/bin/../lib/gcc/arm-none-eabi/11.2.0/../../../../arm-none-eabi/lib/thumb/libsysbase.a(isatty.o)
                0x0000000002020b08                _isatty_r
 .text._kill_r  0x0000000002020b0c        0xc /opt/devkitpro/devkitARM/bin/../lib/gcc/arm-none-eabi/11.2.0/../../../../arm-none-eabi/lib/thumb/libsysbase.a(kill.o)
                0x0000000002020b0c                _kill_r
 .text._lseek_r
                0x0000000002020b18       0x5c /opt/devkitpro/devkitARM/bin/../lib/gcc/arm-none-eabi/11.2.0/../../../../arm-none-eabi/lib/thumb/libsysbase.a(lseek.o)
                0x0000000002020b18                _lseek_r
 .text._open_r  0x0000000002020b74       0x9c /opt/devkitpro/devkitARM/bin/../lib/gcc/arm-none-eabi/11.2.0/../../../../arm-none-eabi/lib/thumb/libsysbase.a(open.o)
                0x0000000002020b74                _open_r
 .text._read_r  0x0000000002020c10       0x50 /opt/devkitpro/devkitARM/bin/../lib/gcc/arm-none-eabi/11.2.0/../../../../arm-none-eabi/lib/thumb/libsysbase.a(read.o)
                0x0000000002020c10                _read_r
 .text._sbrk_r  0x0000000002020c60       0x54 /opt/devkitpro/devkitARM/bin/../lib/gcc/arm-none-eabi/11.2.0/../../../../arm-none-eabi/lib/thumb/libsysbase.a(sbrk.o)
                0x0000000002020c60                _sbrk_r
 .text._write_r
                0x0000000002020cb4       0x50 /opt/devkitpro/devkitARM/bin/../lib/gcc/arm-none-eabi/11.2.0/../../../../arm-none-eabi/lib/thumb/libsysbase.a(write.o)
                0x0000000002020cb4                _write_r
 .text._exit    0x0000000002020d04       0x14 /opt/devkitpro/devkitARM/bin/../lib/gcc/arm-none-eabi/11.2.0/../../../../arm-none-eabi/lib/thumb/libsysbase.a(_exit.o)
                0x0000000002020d04                _exit
 .text._concatenate_path
                0x0000000002020d18      0x128 /opt/devkitpro/devkitARM/bin/../lib/gcc/arm-none-eabi/11.2.0/../../../../arm-none-eabi/lib/thumb/libsysbase.a(chdir.o)
                0x0000000002020d18                _concatenate_path
 .text.chdir    0x0000000002020e40       0xf0 /opt/devkitpro/devkitARM/bin/../lib/gcc/arm-none-eabi/11.2.0/../../../../arm-none-eabi/lib/thumb/libsysbase.a(chdir.o)
                0x0000000002020e40                chdir
 .text.getcwd   0x0000000002020f30       0x60 /opt/devkitpro/devkitARM/bin/../lib/gcc/arm-none-eabi/11.2.0/../../../../arm-none-eabi/lib/thumb/libsysbase.a(chdir.o)
                0x0000000002020f30                getcwd
 .text.build_argv
                0x0000000002020f90       0x4c /opt/devkitpro/devkitARM/bin/../lib/gcc/arm-none-eabi/11.2.0/../../../../arm-none-eabi/lib/thumb/libsysbase.a(build_argv.o)
                0x0000000002020f90                build_argv
 .text.__flockfile
                0x0000000002020fdc       0x10 /opt/devkitpro/devkitARM/bin/../lib/gcc/arm-none-eabi/11.2.0/../../../../arm-none-eabi/lib/thumb/libsysbase.a(flock.o)
                0x0000000002020fdc                __flockfile
 .text.__funlockfile
                0x0000000002020fec       0x10 /opt/devkitpro/devkitARM/bin/../lib/gcc/arm-none-eabi/11.2.0/../../../../arm-none-eabi/lib/thumb/libsysbase.a(flock.o)
                0x0000000002020fec                __funlockfile
 .text.__release_handle
                0x0000000002020ffc       0x68 /opt/devkitpro/devkitARM/bin/../lib/gcc/arm-none-eabi/11.2.0/../../../../arm-none-eabi/lib/thumb/libsysbase.a(handle_manager.o)
                0x0000000002020ffc                __release_handle
 .text.__alloc_handle
                0x0000000002021064       0x80 /opt/devkitpro/devkitARM/bin/../lib/gcc/arm-none-eabi/11.2.0/../../../../arm-none-eabi/lib/thumb/libsysbase.a(handle_manager.o)
                0x0000000002021064                __alloc_handle
 .text.__get_handle
                0x00000000020210e4       0x34 /opt/devkitpro/devkitARM/bin/../lib/gcc/arm-none-eabi/11.2.0/../../../../arm-none-eabi/lib/thumb/libsysbase.a(handle_manager.o)
                0x00000000020210e4                __get_handle
 .text._close_r
                0x0000000002021118       0xb8 /opt/devkitpro/devkitARM/bin/../lib/gcc/arm-none-eabi/11.2.0/../../../../arm-none-eabi/lib/thumb/libsysbase.a(handle_manager.o)
                0x0000000002021118                _close_r
 .text.__getreent
                0x00000000020211d0       0x20 /opt/devkitpro/devkitARM/bin/../lib/gcc/arm-none-eabi/11.2.0/../../../../arm-none-eabi/lib/thumb/libsysbase.a(getreent.o)
                0x00000000020211d0                __getreent
 .text.__libc_lock_acquire
                0x00000000020211f0       0x18 /opt/devkitpro/devkitARM/bin/../lib/gcc/arm-none-eabi/11.2.0/../../../../arm-none-eabi/lib/thumb/libsysbase.a(syscall_support.o)
                0x00000000020211f0                __libc_lock_acquire
 .text.__libc_lock_release
                0x0000000002021208       0x18 /opt/devkitpro/devkitARM/bin/../lib/gcc/arm-none-eabi/11.2.0/../../../../arm-none-eabi/lib/thumb/libsysbase.a(syscall_support.o)
                0x0000000002021208                __libc_lock_release
 .text.__libc_lock_init_recursive
                0x0000000002021220       0x18 /opt/devkitpro/devkitARM/bin/../lib/gcc/arm-none-eabi/11.2.0/../../../../arm-none-eabi/lib/thumb/libsysbase.a(syscall_support.o)
                0x0000000002021220                __libc_lock_init_recursive
 .text.__libc_lock_acquire_recursive
                0x0000000002021238       0x18 /opt/devkitpro/devkitARM/bin/../lib/gcc/arm-none-eabi/11.2.0/../../../../arm-none-eabi/lib/thumb/libsysbase.a(syscall_support.o)
                0x0000000002021238                __libc_lock_acquire_recursive
 .text.__libc_lock_release_recursive
                0x0000000002021250       0x18 /opt/devkitpro/devkitARM/bin/../lib/gcc/arm-none-eabi/11.2.0/../../../../arm-none-eabi/lib/thumb/libsysbase.a(syscall_support.o)
                0x0000000002021250                __libc_lock_release_recursive
 .text.__libc_lock_close_recursive
                0x0000000002021268       0x18 /opt/devkitpro/devkitARM/bin/../lib/gcc/arm-none-eabi/11.2.0/../../../../arm-none-eabi/lib/thumb/libsysbase.a(syscall_support.o)
                0x0000000002021268                __libc_lock_close_recursive
 .text.__libc_lock_close_recursive.__stub
                0x0000000002021280      0x110 linker stubs
 *(EXCLUDE_FILE(*.twl*) .gnu.warning)
 *(EXCLUDE_FILE(*.twl*) .gnu.linkonce.t*)
 *(.glue_7)
 .glue_7        0x00000000020213a0        0x0 linker stubs
 *(.glue_7t)
 .glue_7t       0x00000000020213a0        0x0 linker stubs
                0x00000000020213a0                . = ALIGN (0x4)

.vfp11_veneer   0x00000000020213a0        0x0
 .vfp11_veneer  0x00000000020213a0        0x0 linker stubs

.v4_bx          0x00000000020213a0        0x0
 .v4_bx         0x00000000020213a0        0x0 linker stubs

.iplt           0x00000000020213a0        0x0
 .iplt          0x00000000020213a0        0x0 /opt/devkitpro/devkitARM/bin/../lib/gcc/arm-none-eabi/11.2.0/../../../../arm-none-eabi/lib/thumb/ds_arm9_crt0.o

.fini           0x00000000020213a0        0xc
 *(.fini)
 .fini          0x00000000020213a0        0x4 /opt/devkitpro/devkitARM/bin/../lib/gcc/arm-none-eabi/11.2.0/thumb/crti.o
                0x00000000020213a0                _fini
 .fini          0x00000000020213a4        0x8 /opt/devkitpro/devkitARM/bin/../lib/gcc/arm-none-eabi/11.2.0/thumb/crtn.o
                0x00000000020213ac                __text_end = .

.rodata         0x00000000020213b0     0x9a00
 *(EXCLUDE_FILE(*.twl*) .rodata)
 .rodata        0x00000000020213b0       0x50 /Users/james/Documents/super-crate-box-ds/nflib/lib/libnflib.a(nf_basic.o)
 *all.rodata*(*)
 *(EXCLUDE_FILE(*.twl*) .roda)
 *(EXCLUDE_FILE(*.twl*) .rodata.*)
 .rodata.str1.4
                0x0000000002021400       0x5c linked_list.o
 .rodata.str1.4
                0x000000000202145c       0x5b main.o
 *fill*         0x00000000020214b7        0x1 ff
 .rodata.str1.4
                0x00000000020214b8       0x21 /Users/james/Documents/super-crate-box-ds/nflib/lib/libnflib.a(nf_2d.o)
                                         0x28 (size before relaxing)
 *fill*         0x00000000020214d9        0x3 ff
 .rodata.str1.4
                0x00000000020214dc      0x613 /Users/james/Documents/super-crate-box-ds/nflib/lib/libnflib.a(nf_basic.o)
                                        0x628 (size before relaxing)
 *fill*         0x0000000002021aef        0x1 ff
 .rodata.str1.4
                0x0000000002021af0       0x2a /Users/james/Documents/super-crate-box-ds/nflib/lib/libnflib.a(nf_colision.o)
                                         0x2c (size before relaxing)
 *fill*         0x0000000002021b1a        0x2 ff
 .rodata.str1.4
                0x0000000002021b1c       0x6c /Users/james/Documents/super-crate-box-ds/nflib/lib/libnflib.a(nf_sprite256.o)
                                         0x7c (size before relaxing)
 .rodata.str1.4
                0x0000000002021b88       0x4c /Users/james/Documents/super-crate-box-ds/nflib/lib/libnflib.a(nf_tiledbg.o)
                                         0x6c (size before relaxing)
 .rodata.nitroFSInit.str1.4
                0x0000000002021bd4        0x8 /opt/devkitpro/libnds/lib/libfilesystem.a(nitrofs.o)
 .rodata.str1.4
                0x0000000002021bd4        0xe /opt/devkitpro/libnds/lib/libfilesystem.a(nitrofs.o)
 *fill*         0x0000000002021be2        0x2 ff
 .rodata.fatMount.part.0.str1.4
                0x0000000002021be4        0x2 /opt/devkitpro/libnds/lib/libfat.a(libfat.o)
 *fill*         0x0000000002021be6        0x2 ff
 .rodata.fatInit.str1.4
                0x0000000002021be8        0x3 /opt/devkitpro/libnds/lib/libfat.a(libfat.o)
 *fill*         0x0000000002021beb        0x1 ff
 .rodata.str1.4
                0x0000000002021bec        0x4 /opt/devkitpro/libnds/lib/libfat.a(libfat.o)
 .rodata.dotab_fat
                0x0000000002021bf0       0x70 /opt/devkitpro/libnds/lib/libfat.a(libfat.o)
 .rodata.str1.4
                0x0000000002021c60        0x3 /opt/devkitpro/libnds/lib/libfat.a(disc.o)
                                          0x8 (size before relaxing)
 *fill*         0x0000000002021c63        0x1 ff
 .rodata._FAT_disc_interfaces
                0x0000000002021c64       0x18 /opt/devkitpro/libnds/lib/libfat.a(disc.o)
                0x0000000002021c64                _FAT_disc_interfaces
 .rodata._FAT_directory_entryFromPath.str1.4
                0x0000000002021c7c        0x7 /opt/devkitpro/libnds/lib/libfat.a(directory.o)
 .rodata.ILLEGAL_ALIAS_CHARACTERS
                0x0000000002021c7c       0x12 /opt/devkitpro/libnds/lib/libfat.a(directory.o)
 *fill*         0x0000000002021c8e        0x2 ff
 .rodata.ILLEGAL_LFN_CHARACTERS
                0x0000000002021c90        0xa /opt/devkitpro/libnds/lib/libfat.a(directory.o)
 *fill*         0x0000000002021c9a        0x2 ff
 .rodata.LFN_offset_table
                0x0000000002021c9c       0x34 /opt/devkitpro/libnds/lib/libfat.a(directory.o)
 .rodata.FAT_SIG
                0x0000000002021cd0        0x3 /opt/devkitpro/libnds/lib/libfat.a(partition.o)
 *fill*         0x0000000002021cd3        0x1 ff
 .rodata.FS_TWL_SIG
                0x0000000002021cd4        0x8 /opt/devkitpro/libnds/lib/libfat.a(partition.o)
 .rodata.con_write.str1.4
                0x0000000002021cdc       0x30 /opt/devkitpro/libnds/lib/libnds9.a(console.o)
 .rodata.con_write
                0x0000000002021d0c       0xd4 /opt/devkitpro/libnds/lib/libnds9.a(console.o)
 .rodata.consoleClear.str1.4
                0x0000000002021de0        0x5 /opt/devkitpro/libnds/lib/libnds9.a(console.o)
 *fill*         0x0000000002021de5        0x3 ff
 .rodata.str1.4
                0x0000000002021de8       0x14 /opt/devkitpro/libnds/lib/libnds9.a(console.o)
 .rodata.dotab_stdout
                0x0000000002021dfc       0x70 /opt/devkitpro/libnds/lib/libnds9.a(console.o)
 .rodata.default_font_bin
                0x0000000002021e6c     0x2000 /opt/devkitpro/libnds/lib/libnds9.a(default_font.bin.o)
                0x0000000002021e6c                default_font_bin
                0x0000000002023e6c                default_font_bin_end
 .rodata.SIN_LUT
                0x0000000002023e6c      0x102 /opt/devkitpro/libnds/lib/libnds9.a(trig.o)
                0x0000000002023e6c                SIN_LUT
 *fill*         0x0000000002023f6e        0x2 ff
 .rodata._ctype_
                0x0000000002023f70      0x101 /opt/devkitpro/devkitARM/bin/../lib/gcc/arm-none-eabi/11.2.0/../../../../arm-none-eabi/lib/thumb/libg.a(lib_a-ctype_.o)
                0x0000000002023f70                _ctype_
 *fill*         0x0000000002024071        0x3 ff
 .rodata._global_impure_ptr
                0x0000000002024074        0x4 /opt/devkitpro/devkitARM/bin/../lib/gcc/arm-none-eabi/11.2.0/../../../../arm-none-eabi/lib/thumb/libg.a(lib_a-impure.o)
                0x0000000002024074                _global_impure_ptr
 .rodata.str1.4
                0x0000000002024078       0x44 /opt/devkitpro/devkitARM/bin/../lib/gcc/arm-none-eabi/11.2.0/../../../../arm-none-eabi/lib/thumb/libg.a(lib_a-locale.o)
                                         0x4c (size before relaxing)
 .rodata._mbrtowc_r.str1.4
                0x00000000020240bc        0x1 /opt/devkitpro/devkitARM/bin/../lib/gcc/arm-none-eabi/11.2.0/../../../../arm-none-eabi/lib/thumb/libg.a(lib_a-mbrtowc.o)
 .rodata.DAYS_IN_MONTH
                0x00000000020240bc       0x30 /opt/devkitpro/devkitARM/bin/../lib/gcc/arm-none-eabi/11.2.0/../../../../arm-none-eabi/lib/thumb/libg.a(lib_a-mktime.o)
 .rodata._DAYS_BEFORE_MONTH